Archive member included to satisfy reference by file (symbol)

/usr/local/Cellar/gcc-arm-none-eabi/20160928/bin/../lib/gcc/arm-none-eabi/5.4.1/armv6-m/libgcc.a(_udivsi3.o)
                              bin/board.o (__aeabi_uidiv)
/usr/local/Cellar/gcc-arm-none-eabi/20160928/bin/../lib/gcc/arm-none-eabi/5.4.1/armv6-m/libgcc.a(_dvmd_tls.o)
                              /usr/local/Cellar/gcc-arm-none-eabi/20160928/bin/../lib/gcc/arm-none-eabi/5.4.1/armv6-m/libgcc.a(_udivsi3.o) (__aeabi_idiv0)
/usr/local/Cellar/gcc-arm-none-eabi/20160928/bin/../lib/gcc/arm-none-eabi/5.4.1/armv6-m/libgcc.a(_aeabi_uldivmod.o)
                              bin/mcp2515.o (__aeabi_uldivmod)
/usr/local/Cellar/gcc-arm-none-eabi/20160928/bin/../lib/gcc/arm-none-eabi/5.4.1/armv6-m/libgcc.a(_fixunsdfsi.o)
                              bin/mcp2515.o (__aeabi_d2uiz)
/usr/local/Cellar/gcc-arm-none-eabi/20160928/bin/../lib/gcc/arm-none-eabi/5.4.1/armv6-m/libgcc.a(_udivmoddi4.o)
                              /usr/local/Cellar/gcc-arm-none-eabi/20160928/bin/../lib/gcc/arm-none-eabi/5.4.1/armv6-m/libgcc.a(_aeabi_uldivmod.o) (__udivmoddi4)
/usr/local/Cellar/gcc-arm-none-eabi/20160928/bin/../lib/gcc/arm-none-eabi/5.4.1/armv6-m/libgcc.a(muldf3.o)
                              bin/mcp2515.o (__aeabi_dmul)
/usr/local/Cellar/gcc-arm-none-eabi/20160928/bin/../lib/gcc/arm-none-eabi/5.4.1/armv6-m/libgcc.a(subdf3.o)
                              /usr/local/Cellar/gcc-arm-none-eabi/20160928/bin/../lib/gcc/arm-none-eabi/5.4.1/armv6-m/libgcc.a(_fixunsdfsi.o) (__aeabi_dsub)
/usr/local/Cellar/gcc-arm-none-eabi/20160928/bin/../lib/gcc/arm-none-eabi/5.4.1/armv6-m/libgcc.a(fixdfsi.o)
                              /usr/local/Cellar/gcc-arm-none-eabi/20160928/bin/../lib/gcc/arm-none-eabi/5.4.1/armv6-m/libgcc.a(_fixunsdfsi.o) (__aeabi_d2iz)
/usr/local/Cellar/gcc-arm-none-eabi/20160928/bin/../lib/gcc/arm-none-eabi/5.4.1/armv6-m/libgcc.a(floatsidf.o)
                              bin/mcp2515.o (__aeabi_i2d)
/usr/local/Cellar/gcc-arm-none-eabi/20160928/bin/../lib/gcc/arm-none-eabi/5.4.1/armv6-m/libgcc.a(_arm_cmpdf2.o)
                              /usr/local/Cellar/gcc-arm-none-eabi/20160928/bin/../lib/gcc/arm-none-eabi/5.4.1/armv6-m/libgcc.a(_fixunsdfsi.o) (__aeabi_dcmpge)
/usr/local/Cellar/gcc-arm-none-eabi/20160928/bin/../lib/gcc/arm-none-eabi/5.4.1/armv6-m/libgcc.a(_clzsi2.o)
                              /usr/local/Cellar/gcc-arm-none-eabi/20160928/bin/../lib/gcc/arm-none-eabi/5.4.1/armv6-m/libgcc.a(muldf3.o) (__clzsi2)
/usr/local/Cellar/gcc-arm-none-eabi/20160928/bin/../lib/gcc/arm-none-eabi/5.4.1/armv6-m/libgcc.a(_clzdi2.o)
                              /usr/local/Cellar/gcc-arm-none-eabi/20160928/bin/../lib/gcc/arm-none-eabi/5.4.1/armv6-m/libgcc.a(_udivmoddi4.o) (__clzdi2)
/usr/local/Cellar/gcc-arm-none-eabi/20160928/bin/../lib/gcc/arm-none-eabi/5.4.1/armv6-m/libgcc.a(eqdf2.o)
                              /usr/local/Cellar/gcc-arm-none-eabi/20160928/bin/../lib/gcc/arm-none-eabi/5.4.1/armv6-m/libgcc.a(_arm_cmpdf2.o) (__eqdf2)
/usr/local/Cellar/gcc-arm-none-eabi/20160928/bin/../lib/gcc/arm-none-eabi/5.4.1/armv6-m/libgcc.a(gedf2.o)
                              /usr/local/Cellar/gcc-arm-none-eabi/20160928/bin/../lib/gcc/arm-none-eabi/5.4.1/armv6-m/libgcc.a(_arm_cmpdf2.o) (__gedf2)
/usr/local/Cellar/gcc-arm-none-eabi/20160928/bin/../lib/gcc/arm-none-eabi/5.4.1/armv6-m/libgcc.a(ledf2.o)
                              /usr/local/Cellar/gcc-arm-none-eabi/20160928/bin/../lib/gcc/arm-none-eabi/5.4.1/armv6-m/libgcc.a(_arm_cmpdf2.o) (__ledf2)
/usr/local/Cellar/gcc-arm-none-eabi/20160928/bin/../lib/gcc/arm-none-eabi/5.4.1/../../../../arm-none-eabi/lib/armv6-m/libg.a(lib_a-itoa.o)
                              bin/board.o (itoa)
/usr/local/Cellar/gcc-arm-none-eabi/20160928/bin/../lib/gcc/arm-none-eabi/5.4.1/../../../../arm-none-eabi/lib/armv6-m/libg.a(lib_a-memcpy-stub.o)
                              bin/microrl.o (memcpy)
/usr/local/Cellar/gcc-arm-none-eabi/20160928/bin/../lib/gcc/arm-none-eabi/5.4.1/../../../../arm-none-eabi/lib/armv6-m/libg.a(lib_a-memmove.o)
                              bin/microrl.o (memmove)
/usr/local/Cellar/gcc-arm-none-eabi/20160928/bin/../lib/gcc/arm-none-eabi/5.4.1/../../../../arm-none-eabi/lib/armv6-m/libg.a(lib_a-memset.o)
                              bin/main.o (memset)
/usr/local/Cellar/gcc-arm-none-eabi/20160928/bin/../lib/gcc/arm-none-eabi/5.4.1/../../../../arm-none-eabi/lib/armv6-m/libg.a(lib_a-strcmp.o)
                              bin/console.o (strcmp)
/usr/local/Cellar/gcc-arm-none-eabi/20160928/bin/../lib/gcc/arm-none-eabi/5.4.1/../../../../arm-none-eabi/lib/armv6-m/libg.a(lib_a-strlen-stub.o)
                              bin/board.o (strlen)
/usr/local/Cellar/gcc-arm-none-eabi/20160928/bin/../lib/gcc/arm-none-eabi/5.4.1/../../../../arm-none-eabi/lib/armv6-m/libg.a(lib_a-utoa.o)
[...]
Memory Configuration

Name             Origin             Length             Attributes
FLASH            0x0000000000000000 0x0000000000008000 xr
RAM              0x0000000010000100 0x0000000000001f00 xrw
*default*        0x0000000000000000 0xffffffffffffffff

Linker script and memory map

LOAD bin/startup_LPC11xx.o
LOAD bin/board.o
LOAD bin/charge.o
LOAD bin/console.o
LOAD bin/main.o
LOAD bin/microrl.o
LOAD bin/pack_config.o
LOAD bin/pins.o
LOAD bin/ssm.o
LOAD bin/sysinit.o
LOAD bin/adc_1125.o
LOAD bin/adc_11xx.o
LOAD bin/chip_11xx.o
LOAD bin/clock_11xx.o
LOAD bin/gpio_11xx_1.o
LOAD bin/gpio_11xx_2.o
LOAD bin/gpiogroup_11xx.o
LOAD bin/i2c_11xx.o
LOAD bin/iocon_11xx.o
LOAD bin/pinint_11xx.o
LOAD bin/pmu_11xx.o
LOAD bin/ring_buffer.o
LOAD bin/ssp_11xx.o
LOAD bin/sysctl_11xx.o
LOAD bin/sysinit_11xx.o
LOAD bin/timer_11xx.o
LOAD bin/uart_11xx.o
LOAD bin/wwdt_11xx.o
LOAD bin/a123mbb.o
LOAD bin/brusa.o
LOAD bin/can.o
LOAD bin/lc1024.o
LOAD bin/ltc6804.o
LOAD bin/mcp2515.o
LOAD bin/util.o
LOAD bin/Can_Library.o
START GROUP
LOAD /usr/local/Cellar/gcc-arm-none-eabi/20160928/bin/../lib/gcc/arm-none-eabi/5.4.1/armv6-m/libgcc.a
LOAD /usr/local/Cellar/gcc-arm-none-eabi/20160928/bin/../lib/gcc/arm-none-eabi/5.4.1/../../../../arm-none-eabi/lib/armv6-m/libg.a
LOAD /usr/local/Cellar/gcc-arm-none-eabi/20160928/bin/../lib/gcc/arm-none-eabi/5.4.1/../../../../arm-none-eabi/lib/armv6-m/libc.a
END GROUP

.text           0x0000000000000000     0x3b28
 *(.isr_vector)
 .isr_vector    0x0000000000000000       0xe0 bin/startup_LPC11xx.o
                0x0000000000000000                __isr_vector
                0x00000000000000c0                Reset_Handler
 *(.text*)
 .text          0x00000000000000e0        0xc bin/startup_LPC11xx.o
                0x00000000000000e0                NMI_Handler
                0x00000000000000e2                HardFault_Handler
                0x00000000000000e4                SVC_Handler
                0x00000000000000e6                PendSV_Handler
                0x00000000000000ea                SSP0_IRQHandler
                0x00000000000000ea                TIMER16_1_IRQHandler
                0x00000000000000ea                Default_Handler
                0x00000000000000ea                ADC_IRQHandler
                0x00000000000000ea                SSP1_IRQHandler
                0x00000000000000ea                PIOINT2_IRQHandler
                0x00000000000000ea                BOD_IRQHandler
                0x00000000000000ea                WAKEUP_IRQHandler
                0x00000000000000ea                PIOINT0_IRQHandler
                0x00000000000000ea                I2C_IRQHandler
                0x00000000000000ea                WDT_IRQHandler
                0x00000000000000ea                TIMER16_0_IRQHandler
                0x00000000000000ea                PIOINT3_IRQHandler
                0x00000000000000ea                TIMER32_0_IRQHandler
                0x00000000000000ea                TIMER32_1_IRQHandler
                0x00000000000000ea                PIOINT1_IRQHandler
 .text.UART_IRQHandler
                0x00000000000000ec       0x1c bin/board.o
                0x00000000000000ec                UART_IRQHandler
 .text.SysTick_Handler
                0x0000000000000108       0x10 bin/board.o
                0x0000000000000108                SysTick_Handler
 .text.Board_Chip_Init
                0x0000000000000118       0x3c bin/board.o
                0x0000000000000118                Board_Chip_Init
 .text.Board_Print
                0x0000000000000154       0x20 bin/board.o
                0x0000000000000154                Board_Print
 .text.Board_Println
                0x0000000000000174       0x18 bin/board.o
                0x0000000000000174                Board_Println
 .text.Board_Read
                0x000000000000018c       0x18 bin/board.o
                0x000000000000018c                Board_Read
 .text.Board_Print_BLOCKING
                0x00000000000001a4       0x18 bin/board.o
                0x00000000000001a4                Board_Print_BLOCKING
 .text.Board_Println_BLOCKING
                0x00000000000001bc       0x18 bin/board.o
                0x00000000000001bc                Board_Println_BLOCKING
 .text.Board_Can_Init
                0x00000000000001d4        0x8 bin/board.o
                0x00000000000001d4                Board_Can_Init
 .text.Board_UART_Init
                0x00000000000001dc       0x84 bin/board.o
                0x00000000000001dc                Board_UART_Init
 .text.Board_Contactors_Closed
                0x0000000000000260        0x8 bin/board.o
                0x0000000000000260                Board_Contactors_Closed
 .text.Board_GetModeRequest
                0x0000000000000268       0x14 bin/board.o
                0x0000000000000268                Board_GetModeRequest
 .text.Board_Contactors_Set
                0x000000000000027c        0x8 bin/board.o
                0x000000000000027c                Board_Contactors_Set
 .text.Board_Check_Faults
                0x0000000000000284       0x20 bin/board.o
                0x0000000000000284                Board_Check_Faults
 .text.handle_can_error
                0x00000000000002a4       0xe8 bin/board.o
                0x00000000000002a4                handle_can_error
 .text.Board_Can_ProcessInput
                0x000000000000038c       0xdc bin/board.o
                0x000000000000038c                Board_Can_ProcessInput
 .text.Send_Elcon_Command
                0x0000000000000468       0x28 bin/board.o
                0x0000000000000468                Send_Elcon_Command
 .text.Send_Bms_Switch
                0x0000000000000490       0x1c bin/board.o
                0x0000000000000490                Send_Bms_Switch
 .text.Send_Bms_Mode
                0x00000000000004ac       0x38 bin/board.o
                0x00000000000004ac                Send_Bms_Mode
 .text.Board_Can_ProcessOutput
                0x00000000000004e4       0xcc bin/board.o
                0x00000000000004e4                Board_Can_ProcessOutput
 .text.Charge_Init
                0x00000000000005b0       0x10 bin/charge.o
                0x00000000000005b0                Charge_Init
 .text.Charge_Step
                0x00000000000005c0      0x310 bin/charge.o
                0x00000000000005c0                Charge_Step
 .text.measure  0x00000000000008d0       0xe4 bin/console.o
 .text.set      0x00000000000009b4      0x424 bin/console.o
 .text.chrg     0x0000000000000dd8       0x58 bin/console.o
 .text.get      0x0000000000000e30      0x2e0 bin/console.o
 .text.config_def
                0x0000000000001110       0x58 bin/console.o
 .text.help     0x0000000000001168       0x9c bin/console.o
 .text.bal      0x0000000000001204       0x94 bin/console.o
 .text.console_init
                0x0000000000001298       0x2c bin/console.o
                0x0000000000001298                console_init
 .text.executerl
                0x00000000000012c4       0x6c bin/console.o
                0x00000000000012c4                executerl
 .text.Output_Measurements
                0x0000000000001330       0xb4 bin/console.o
                0x0000000000001330                Output_Measurements
 .text.Init_Structs
                0x00000000000013e4       0xbc bin/main.o
                0x00000000000013e4                Init_Structs
 .text.Process_Input
                0x00000000000014a0       0x30 bin/main.o
                0x00000000000014a0                Process_Input
 .text.Process_Keyboard
                0x00000000000014d0       0x2c bin/main.o
                0x00000000000014d0                Process_Keyboard
 .text.startup.main
                0x00000000000014fc       0xac bin/main.o
                0x00000000000014fc                main
 .text.u16bit_to_str
                0x00000000000015a8       0x5c bin/microrl.o
 .text.terminal_reset_cursor.isra.3
                0x0000000000001604       0x34 bin/microrl.o
 .text.terminal_move_cursor.isra.4
                0x0000000000001638       0x60 bin/microrl.o
 .text.terminal_print_line
                0x0000000000001698       0x80 bin/microrl.o
 .text.hist_search
                0x0000000000001718      0x13c bin/microrl.o
 .text.microrl_backspace.part.5
                0x0000000000001854       0x40 bin/microrl.o
 .text.microrl_init
                0x0000000000001894       0x44 bin/microrl.o
                0x0000000000001894                microrl_init
 .text.microrl_set_execute_callback
                0x00000000000018d8        0x8 bin/microrl.o
                0x00000000000018d8                microrl_set_execute_callback
 .text.new_line_handler
                0x00000000000018e0       0xb8 bin/microrl.o
                0x00000000000018e0                new_line_handler
 .text.microrl_insert_char
                0x0000000000001998      0x140 bin/microrl.o
                0x0000000000001998                microrl_insert_char
 .text.MY18_Pack_Config
                0x0000000000001ad8       0x6c bin/pack_config.o
                0x0000000000001ad8                MY18_Pack_Config
 .text.MY16_Pack_Config
                0x0000000000001b44       0x6c bin/pack_config.o
                0x0000000000001b44                MY16_Pack_Config
 .text.Board_GPIO_Init
                0x0000000000001bb0      0x234 bin/pins.o
                0x0000000000001bb0                Board_GPIO_Init
 .text.Low_Side_Contactor_Pin_Get
                0x0000000000001de4       0x10 bin/pins.o
                0x0000000000001de4                Low_Side_Contactor_Pin_Get
 .text.High_Side_Contactor_Pin_Set
                0x0000000000001df4        0xc bin/pins.o
                0x0000000000001df4                High_Side_Contactor_Pin_Set
 .text.IMD_Pin_Get
                0x0000000000001e00       0x10 bin/pins.o
                0x0000000000001e00                IMD_Pin_Get
 .text.BMS_Pin_Get
                0x0000000000001e10       0x14 bin/pins.o
                0x0000000000001e10                BMS_Pin_Get
 .text.Interlock_Pin_Get
                0x0000000000001e24       0x14 bin/pins.o
                0x0000000000001e24                Interlock_Pin_Get
 .text.SSM_Init
                0x0000000000001e38       0x14 bin/ssm.o
                0x0000000000001e38                SSM_Init
 .text.Is_Valid_Jump
                0x0000000000001e4c       0x3c bin/ssm.o
                0x0000000000001e4c                Is_Valid_Jump
 .text.SSM_Step
                0x0000000000001e88       0x6c bin/ssm.o
                0x0000000000001e88                SSM_Step
 .text.SystemInit
                0x0000000000001ef4       0x7c bin/sysinit.o
                0x0000000000001ef4                SystemInit
 .text.Chip_Clock_GetMainClockRate
                0x0000000000001f70       0x84 bin/clock_11xx.o
                0x0000000000001f70                Chip_Clock_GetMainClockRate
 .text.Chip_GPIO_Init
                0x0000000000001ff4       0x14 bin/gpio_11xx_2.o
                0x0000000000001ff4                Chip_GPIO_Init
 .text.RingBuffer_Init
                0x0000000000002008       0x10 bin/ring_buffer.o
                0x0000000000002008                RingBuffer_Init
 .text.RingBuffer_Insert
                0x0000000000002018       0x34 bin/ring_buffer.o
                0x0000000000002018                RingBuffer_Insert
 .text.RingBuffer_InsertMult
                0x000000000000204c       0x94 bin/ring_buffer.o
                0x000000000000204c                RingBuffer_InsertMult
 .text.RingBuffer_Pop
                0x00000000000020e0       0x34 bin/ring_buffer.o
                0x00000000000020e0                RingBuffer_Pop
 .text.RingBuffer_PopMult
                0x0000000000002114       0x98 bin/ring_buffer.o
                0x0000000000002114                RingBuffer_PopMult
 .text.Chip_UART_Init
                0x00000000000021ac       0x28 bin/uart_11xx.o
                0x00000000000021ac                Chip_UART_Init
 .text.Chip_UART_SendBlocking
                0x00000000000021d4       0x2c bin/uart_11xx.o
                0x00000000000021d4                Chip_UART_SendBlocking
 .text.Chip_UART_TXIntHandlerRB
                0x0000000000002200       0x30 bin/uart_11xx.o
                0x0000000000002200                Chip_UART_TXIntHandlerRB
 .text.Chip_UART_SendRB
                0x0000000000002230       0x4c bin/uart_11xx.o
                0x0000000000002230                Chip_UART_SendRB
 .text.Chip_UART_ReadRB
                0x000000000000227c       0x10 bin/uart_11xx.o
                0x000000000000227c                Chip_UART_ReadRB
 .text.Chip_UART_IRQRBHandler
                0x000000000000228c       0x4c bin/uart_11xx.o
                0x000000000000228c                Chip_UART_IRQRBHandler
 .text.Chip_UART_SetBaudFDR
                0x00000000000022d8       0x9c bin/uart_11xx.o
                0x00000000000022d8                Chip_UART_SetBaudFDR
 .text.CAN_error
                0x0000000000002374       0x14 bin/can.o
                0x0000000000002374                CAN_error
 .text.CAN_rx   0x0000000000002388       0x44 bin/can.o
                0x0000000000002388                CAN_rx
 .text.CAN_tx   0x00000000000023cc       0x58 bin/can.o
                0x00000000000023cc                CAN_tx
 .text.Baudrate_Calculate
                0x0000000000002424       0x94 bin/can.o
                0x0000000000002424                Baudrate_Calculate
 .text.CAN_ResetPeripheral
                0x00000000000024b8       0x28 bin/can.o
                0x00000000000024b8                CAN_ResetPeripheral
 .text.Convert_To_CAN_Error
                0x00000000000024e0       0x4c bin/can.o
                0x00000000000024e0                Convert_To_CAN_Error
 .text.CAN_IRQHandler
                0x000000000000252c       0x14 bin/can.o
                0x000000000000252c                CAN_IRQHandler
 .text.CAN_SetMask1
                0x0000000000002540       0x40 bin/can.o
                0x0000000000002540                CAN_SetMask1
 .text.CAN_SetMask2
                0x0000000000002580       0x30 bin/can.o
                0x0000000000002580                CAN_SetMask2
 .text.CAN_Init
                0x00000000000025b0       0xb0 bin/can.o
                0x00000000000025b0                CAN_Init
 .text.CAN_Receive
                0x0000000000002660       0x34 bin/can.o
                0x0000000000002660                CAN_Receive
 .text.CAN_TransmitMsgObj
                0x0000000000002694       0x70 bin/can.o
                0x0000000000002694                CAN_TransmitMsgObj
 .text.CAN_Transmit
                0x0000000000002704       0x28 bin/can.o
                0x0000000000002704                CAN_Transmit
 .text.Can_RawRead
                0x000000000000272c       0x38 bin/Can_Library.o
                0x000000000000272c                Can_RawRead
 .text.Can_Unknown_Read
                0x0000000000002764       0x38 bin/Can_Library.o
                0x0000000000002764                Can_Unknown_Read
 .text.Can_Error_Read
                0x000000000000279c       0x10 bin/Can_Library.o
                0x000000000000279c                Can_Error_Read
 .text.Can0_Csb_Init
                0x00000000000027ac       0x20 bin/Can_Library.o
                0x00000000000027ac                Can0_Csb_Init
 .text.Can_MsgType
                0x00000000000027cc       0xe8 bin/Can_Library.o
                0x00000000000027cc                Can_MsgType
 .text.Can_ElconHeartbeat_FromCan
                0x00000000000028b4       0x5c bin/Can_Library.o
                0x00000000000028b4                Can_ElconHeartbeat_FromCan
 .text.Can_BmsPackStatus_FromCan
                0x0000000000002910       0x58 bin/Can_Library.o
                0x0000000000002910                Can_BmsPackStatus_FromCan
 .text.Can_BMS_CSB_Switch_Write
                0x0000000000002968       0x3c bin/Can_Library.o
                0x0000000000002968                Can_BMS_CSB_Switch_Write
 .text.Can_ElconHeartbeat_Read
                0x00000000000029a4       0x24 bin/Can_Library.o
                0x00000000000029a4                Can_ElconHeartbeat_Read
 .text.Can_BMSErrors_Read
                0x00000000000029c8       0x44 bin/Can_Library.o
                0x00000000000029c8                Can_BMSErrors_Read
 .text.Can_BmsPackStatus_Read
                0x0000000000002a0c       0x24 bin/Can_Library.o
                0x0000000000002a0c                Can_BmsPackStatus_Read
 .text.Can_ElconCommand_Write
                0x0000000000002a30       0x48 bin/Can_Library.o
                0x0000000000002a30                Can_ElconCommand_Write
 .text.Can_BMS_Mode_Write
                0x0000000000002a78       0x3c bin/Can_Library.o
                0x0000000000002a78                Can_BMS_Mode_Write
 .text          0x0000000000002ab4      0x114 /usr/local/Cellar/gcc-arm-none-eabi/20160928/bin/../lib/gcc/arm-none-eabi/5.4.1/armv6-m/libgcc.a(_udivsi3.o)
                0x0000000000002ab4                __udivsi3
                0x0000000000002ab4                __aeabi_uidiv
                0x0000000000002bc0                __aeabi_uidivmod
 .text          0x0000000000002bc8        0x4 /usr/local/Cellar/gcc-arm-none-eabi/20160928/bin/../lib/gcc/arm-none-eabi/5.4.1/armv6-m/libgcc.a(_dvmd_tls.o)
                0x0000000000002bc8                __aeabi_ldiv0
                0x0000000000002bc8                __aeabi_idiv0
 .text.memcpy   0x0000000000002bcc       0x7c /usr/local/Cellar/gcc-arm-none-eabi/20160928/bin/../lib/gcc/arm-none-eabi/5.4.1/../../../../arm-none-eabi/lib/armv6-m/libg.a(lib_a-memcpy-stub.o)
                0x0000000000002bcc                memcpy
 .text.memmove  0x0000000000002c48       0x98 /usr/local/Cellar/gcc-arm-none-eabi/20160928/bin/../lib/gcc/arm-none-eabi/5.4.1/../../../../arm-none-eabi/lib/armv6-m/libg.a(lib_a-memmove.o)
                0x0000000000002c48                memmove
 .text.memset   0x0000000000002ce0       0x8c /usr/local/Cellar/gcc-arm-none-eabi/20160928/bin/../lib/gcc/arm-none-eabi/5.4.1/../../../../arm-none-eabi/lib/armv6-m/libg.a(lib_a-memset.o)
                0x0000000000002ce0                memset
 .text          0x0000000000002d6c       0x88 /usr/local/Cellar/gcc-arm-none-eabi/20160928/bin/../lib/gcc/arm-none-eabi/5.4.1/../../../../arm-none-eabi/lib/armv6-m/libg.a(lib_a-strcmp.o)
                0x0000000000002d6c                strcmp
 .text.strlen   0x0000000000002df4       0x68 /usr/local/Cellar/gcc-arm-none-eabi/20160928/bin/../lib/gcc/arm-none-eabi/5.4.1/../../../../arm-none-eabi/lib/armv6-m/libg.a(lib_a-strlen-stub.o)
                0x0000000000002df4                strlen
 .text.__utoa   0x0000000000002e5c       0x8c /usr/local/Cellar/gcc-arm-none-eabi/20160928/bin/../lib/gcc/arm-none-eabi/5.4.1/../../../../arm-none-eabi/lib/armv6-m/libg.a(lib_a-utoa.o)
                0x0000000000002e5c                __utoa
 .text.utoa     0x0000000000002ee8        0x8 /usr/local/Cellar/gcc-arm-none-eabi/20160928/bin/../lib/gcc/arm-none-eabi/5.4.1/../../../../arm-none-eabi/lib/armv6-m/libg.a(lib_a-utoa.o)
                0x0000000000002ee8                utoa
 *(.init)
 *(.fini)
 *crtbegin.o(.ctors)
 *crtbegin?.o(.ctors)
 *(EXCLUDE_FILE(*crtend.o *crtend?.o) .ctors)
 *(SORT(.ctors.*))
 *(.ctors)
 *crtbegin.o(.dtors)
 *crtbegin?.o(.dtors)
 *(EXCLUDE_FILE(*crtend.o *crtend?.o) .dtors)
 *(SORT(.dtors.*))
 *(.dtors)
 *(.rodata*)
 .rodata.handle_can_error
                0x0000000000002ef0       0x40 bin/board.o
 .rodata.OscRateIn
                0x0000000000002f30        0x4 bin/board.o
                0x0000000000002f30                OscRateIn
 .rodata.str1.4
                0x0000000000002f34      0x11d bin/board.o
 *fill*         0x0000000000003051        0x3 
 .rodata.Charge_Step
                0x0000000000003054       0x30 bin/charge.o
 .rodata.set    0x0000000000003084       0x44 bin/console.o
 .rodata.get    0x00000000000030c8       0x5c bin/console.o
 .rodata.PACK_NAMES
                0x0000000000003124        0xc bin/console.o
 .rodata.locstring
                0x0000000000003130       0x60 bin/console.o
 .rodata.CSB_SSM_MODE_NAMES
                0x0000000000003190       0x10 bin/console.o
 .rodata.handlers
                0x00000000000031a0       0x1c bin/console.o
 .rodata.BMS_COMM_NAMES
                0x00000000000031bc        0x8 bin/console.o
 .rodata.str1.4
                0x00000000000031c4      0x630 bin/console.o
                                        0x63c (size before relaxing)
 .rodata.helpstring
                0x00000000000037f4       0x1c bin/console.o
 .rodata.nargs  0x0000000000003810        0x7 bin/console.o
 *fill*         0x0000000000003817        0x1 
 .rodata.CSB_INIT_MODE_NAMES
                0x0000000000003818        0x8 bin/console.o
 .rodata.CSB_CHARGE_MODE_NAMES
                0x0000000000003820       0x30 bin/console.o
 .rodata.microrl_insert_char
                0x0000000000003850      0x200 bin/microrl.o
 .rodata.str1.4
                0x0000000000003a50       0x33 bin/microrl.o
                                         0x3b (size before relaxing)
 *fill*         0x0000000000003a83        0x1 
 .rodata.wdtOSCRate
                0x0000000000003a84       0x40 bin/clock_11xx.o
 .rodata.Convert_To_CAN_Error
                0x0000000000003ac4       0x1c bin/can.o
 .rodata        0x0000000000003ae0       0x20 bin/can.o
 .rodata.str1.4
                0x0000000000003b00       0x28 /usr/local/Cellar/gcc-arm-none-eabi/20160928/bin/../lib/gcc/arm-none-eabi/5.4.1/../../../../arm-none-eabi/lib/armv6-m/libg.a(lib_a-utoa.o)
                                         0x25 (size before relaxing)
 *(.eh_frame*)

.glue_7         0x0000000000003b28        0x0
 .glue_7        0x0000000000003b28        0x0 linker stubs

.glue_7t        0x0000000000003b28        0x0
 .glue_7t       0x0000000000003b28        0x0 linker stubs

.vfp11_veneer   0x0000000000003b28        0x0
 .vfp11_veneer  0x0000000000003b28        0x0 linker stubs

.v4_bx          0x0000000000003b28        0x0
 .v4_bx         0x0000000000003b28        0x0 linker stubs

.iplt           0x0000000000003b28        0x0
 .iplt          0x0000000000003b28        0x0 bin/startup_LPC11xx.o

.ARM.extab
 *(.ARM.extab* .gnu.linkonce.armextab.*)
                0x0000000000003b28                __exidx_start = .

.ARM.exidx      0x0000000000003b28        0x8
 *(.ARM.exidx* .gnu.linkonce.armexidx.*)
 .ARM.exidx.isr_vector
                0x0000000000003b28        0x8 bin/startup_LPC11xx.o
                0x0000000000003b30                __exidx_end = .
                0x0000000000003b30                __etext = .

.rel.dyn        0x0000000000003b30        0x0
 .rel.iplt      0x0000000000003b30        0x0 bin/startup_LPC11xx.o

.data           0x0000000010000100        0x4 load address 0x0000000000003b30
                0x0000000010000100                __data_start__ = .
 *(vtable)
 *(.data*)
 .data.lastError
                0x0000000010000100        0x1 bin/Can_Library.o
                0x0000000010000104                . = ALIGN (0x4)
 *fill*         0x0000000010000101        0x3 
                [!provide]                        PROVIDE (__preinit_array_start, .)
 *(.preinit_array)
                [!provide]                        PROVIDE (__preinit_array_end, .)
                0x0000000010000104                . = ALIGN (0x4)
                [!provide]                        PROVIDE (__init_array_start, .)
 *(SORT(.init_array.*))
 *(.init_array)
                [!provide]                        PROVIDE (__init_array_end, .)
                0x0000000010000104                . = ALIGN (0x4)
                [!provide]                        PROVIDE (__fini_array_start, .)
 *(SORT(.fini_array.*))
 *(.fini_array)
                [!provide]                        PROVIDE (__fini_array_end, .)
 *(.jcr*)
                0x0000000010000104                . = ALIGN (0x4)
                0x0000000010000104                __data_end__ = .

.igot.plt       0x0000000010000104        0x0 load address 0x0000000000003b34
 .igot.plt      0x0000000010000104        0x0 bin/startup_LPC11xx.o

.bss            0x0000000010000108      0x988 load address 0x0000000000003b38
                0x0000000010000108                . = ALIGN (0x4)
                0x0000000010000108                __bss_start__ = .
 *(.bss*)
 .bss._uart_rx_ring
                0x0000000010000108       0x64 bin/board.o
 .bss.last_bms_switch_time
                0x000000001000016c        0x4 bin/board.o
 .bss.last_csb_elcon_command_time
                0x0000000010000170        0x4 bin/board.o
 .bss.uart_tx_ring
                0x0000000010000174       0x14 bin/board.o
 .bss.last_csb_bms_mode_time
                0x0000000010000188        0x4 bin/board.o
 .bss._uart_tx_ring
                0x000000001000018c       0x64 bin/board.o
 .bss.isResetting
                0x00000000100001f0        0x1 bin/board.o
 *fill*         0x00000000100001f1        0x3 
 .bss.uart_rx_ring
                0x00000000100001f4       0x14 bin/board.o
 .bss.last_init_wait_start_time
                0x0000000010000208        0x4 bin/charge.o
 .bss.last_time_above_cv_min_curr
                0x000000001000020c        0x4 bin/charge.o
 .bss.last_init_switch_start_time
                0x0000000010000210        0x4 bin/charge.o
 .bss.console_output
                0x0000000010000214        0x4 bin/console.o
 .bss.lastPackCurrentPrintTime
                0x0000000010000218        0x4 bin/console.o
 .bss.lastPackVoltagePrintTime
                0x000000001000021c        0x4 bin/console.o
 .bss.csb_input
                0x0000000010000220        0x4 bin/console.o
 .bss.csb_state
                0x0000000010000224        0x4 bin/console.o
 .bss.console_output
                0x0000000010000228        0xc bin/main.o
 .bss.balance_waitingoff
                0x0000000010000234       0xb4 bin/main.o
 .bss.pack_config
                0x00000000100002e8       0x48 bin/main.o
 .bss.elcon_status
                0x0000000010000330        0xc bin/main.o
 .bss.pack_status
                0x000000001000033c        0xc bin/main.o
 .bss.csb_output
                0x0000000010000348        0xc bin/main.o
 .bss.csb_input
                0x0000000010000354       0x1c bin/main.o
 .bss.str       0x0000000010000370        0xa bin/main.o
 *fill*         0x000000001000037a        0x2 
 .bss.rl        0x000000001000037c       0x98 bin/main.o
 .bss.balance_timeon
                0x0000000010000414      0x2d0 bin/main.o
 .bss.csb_state
                0x00000000100006e4       0x14 bin/main.o
 .bss.tx_buffer
                0x00000000100006f8       0x14 bin/can.o
 .bss.rx_buffer
                0x000000001000070c       0x14 bin/can.o
 .bss.can_error_info
                0x0000000010000720        0x4 bin/can.o
 .bss.msg_obj_stat
                0x0000000010000724        0x3 bin/can.o
 .bss.can_error_flag
                0x0000000010000727        0x1 bin/can.o
 .bss.lastMessage
                0x0000000010000728       0x10 bin/Can_Library.o
 *(COMMON)
 COMMON         0x0000000010000738        0x4 bin/main.o
                0x0000000010000738                msTicks
 COMMON         0x000000001000073c        0x8 bin/sysinit.o
                0x000000001000073c                SystemCoreClock
                0x0000000010000740                TicksPerMS
 *fill*         0x0000000010000744        0x4 
 COMMON         0x0000000010000748      0x348 bin/can.o
                0x0000000010000748                tmp_msg_obj
                0x0000000010000760                _tx_buffer
                0x00000000100008e0                _rx_buffer
                0x0000000010000a60                tmp_msg_obj_2
                0x0000000010000a78                msg_obj
                0x0000000010000a90                . = ALIGN (0x4)
                0x0000000010000a90                __bss_end__ = .

.heap           0x0000000010000a90        0x0
                0x0000000010000a90                __end__ = .
                [!provide]                        PROVIDE (end, .)
 *(.heap*)
                0x0000000010000a90                __HeapLimit = .

.stack_dummy    0x0000000010000a90      0x200
 *(.stack*)
 .stack         0x0000000010000a90      0x200 bin/startup_LPC11xx.o
                0x0000000010002000                __StackTop = (ORIGIN (RAM) + LENGTH (RAM))
                0x0000000010001e00                __StackLimit = (__StackTop - SIZEOF (.stack_dummy))
                [!provide]                        PROVIDE (__stack, __StackTop)
                0x0000000000000001                ASSERT ((__StackLimit >= __HeapLimit), region RAM overflowed with stack)
OUTPUT(bin/charger_shutdown_board_controller.elf elf32-littlearm)

.ARM.attributes
                0x0000000000000000       0x2d
 .ARM.attributes
                0x0000000000000000       0x21 bin/startup_LPC11xx.o
 .ARM.attributes
                0x0000000000000021       0x31 bin/board.o
 .ARM.attributes
                0x0000000000000052       0x31 bin/charge.o
 .ARM.attributes
                0x0000000000000083       0x31 bin/console.o
 .ARM.attributes
                0x00000000000000b4       0x31 bin/main.o
 .ARM.attributes
                0x00000000000000e5       0x31 bin/microrl.o
 .ARM.attributes
                0x0000000000000116       0x31 bin/pack_config.o
 .ARM.attributes
                0x0000000000000147       0x31 bin/pins.o
 .ARM.attributes
                0x0000000000000178       0x31 bin/ssm.o
 .ARM.attributes
                0x00000000000001a9       0x31 bin/sysinit.o
 .ARM.attributes
                0x00000000000001da       0x31 bin/clock_11xx.o
 .ARM.attributes
                0x000000000000020b       0x31 bin/gpio_11xx_2.o
 .ARM.attributes
                0x000000000000023c       0x31 bin/ring_buffer.o
 .ARM.attributes
                0x000000000000026d       0x31 bin/uart_11xx.o
 .ARM.attributes
                0x000000000000029e       0x31 bin/can.o
 .ARM.attributes
                0x00000000000002cf       0x31 bin/Can_Library.o
 .ARM.attributes
                0x0000000000000300       0x1e /usr/local/Cellar/gcc-arm-none-eabi/20160928/bin/../lib/gcc/arm-none-eabi/5.4.1/armv6-m/libgcc.a(_udivsi3.o)
 .ARM.attributes
                0x000000000000031e       0x1e /usr/local/Cellar/gcc-arm-none-eabi/20160928/bin/../lib/gcc/arm-none-eabi/5.4.1/armv6-m/libgcc.a(_dvmd_tls.o)
 .ARM.attributes
                0x000000000000033c       0x2c /usr/local/Cellar/gcc-arm-none-eabi/20160928/bin/../lib/gcc/arm-none-eabi/5.4.1/../../../../arm-none-eabi/lib/armv6-m/libg.a(lib_a-memcpy-stub.o)
 .ARM.attributes
                0x0000000000000368       0x2c /usr/local/Cellar/gcc-arm-none-eabi/20160928/bin/../lib/gcc/arm-none-eabi/5.4.1/../../../../arm-none-eabi/lib/armv6-m/libg.a(lib_a-memmove.o)
 .ARM.attributes
                0x0000000000000394       0x2c /usr/local/Cellar/gcc-arm-none-eabi/20160928/bin/../lib/gcc/arm-none-eabi/5.4.1/../../../../arm-none-eabi/lib/armv6-m/libg.a(lib_a-memset.o)
 .ARM.attributes
                0x00000000000003c0       0x1b /usr/local/Cellar/gcc-arm-none-eabi/20160928/bin/../lib/gcc/arm-none-eabi/5.4.1/../../../../arm-none-eabi/lib/armv6-m/libg.a(lib_a-strcmp.o)
 .ARM.attributes
                0x00000000000003db       0x2c /usr/local/Cellar/gcc-arm-none-eabi/20160928/bin/../lib/gcc/arm-none-eabi/5.4.1/../../../../arm-none-eabi/lib/armv6-m/libg.a(lib_a-strlen-stub.o)
 .ARM.attributes
                0x0000000000000407       0x2c /usr/local/Cellar/gcc-arm-none-eabi/20160928/bin/../lib/gcc/arm-none-eabi/5.4.1/../../../../arm-none-eabi/lib/armv6-m/libg.a(lib_a-utoa.o)

.comment        0x0000000000000000       0x6e
 .comment       0x0000000000000000       0x6e bin/board.o
                                         0x6f (size before relaxing)
 .comment       0x000000000000006e       0x6f bin/charge.o
 .comment       0x000000000000006e       0x6f bin/console.o
 .comment       0x000000000000006e       0x6f bin/main.o
 .comment       0x000000000000006e       0x6f bin/microrl.o
 .comment       0x000000000000006e       0x6f bin/pack_config.o
 .comment       0x000000000000006e       0x6f bin/pins.o
 .comment       0x000000000000006e       0x6f bin/ssm.o
 .comment       0x000000000000006e       0x6f bin/sysinit.o
 .comment       0x000000000000006e       0x6f bin/clock_11xx.o
 .comment       0x000000000000006e       0x6f bin/gpio_11xx_2.o
 .comment       0x000000000000006e       0x6f bin/ring_buffer.o
 .comment       0x000000000000006e       0x6f bin/uart_11xx.o
 .comment       0x000000000000006e       0x6f bin/can.o
 .comment       0x000000000000006e       0x6f bin/Can_Library.o

.debug_line     0x0000000000000000     0x6768
 .debug_line    0x0000000000000000       0x98 bin/startup_LPC11xx.o
 .debug_line    0x0000000000000098      0x901 bin/board.o
 .debug_line    0x0000000000000999      0x4ef bin/charge.o
 .debug_line    0x0000000000000e88      0x922 bin/console.o
 .debug_line    0x00000000000017aa      0x6ac bin/main.o
 .debug_line    0x0000000000001e56      0x4e2 bin/microrl.o
 .debug_line    0x0000000000002338      0x371 bin/pack_config.o
 .debug_line    0x00000000000026a9      0x838 bin/pins.o
 .debug_line    0x0000000000002ee1      0x63e bin/ssm.o
 .debug_line    0x000000000000351f      0x3bc bin/sysinit.o
 .debug_line    0x00000000000038db      0x4d7 bin/clock_11xx.o
 .debug_line    0x0000000000003db2      0x4d3 bin/gpio_11xx_2.o
 .debug_line    0x0000000000004285      0x3d3 bin/ring_buffer.o
 .debug_line    0x0000000000004658      0x6b1 bin/uart_11xx.o
 .debug_line    0x0000000000004d09      0x6ac bin/can.o
 .debug_line    0x00000000000053b5     0x13b3 bin/Can_Library.o

.debug_info     0x0000000000000000    0x11e9b
 .debug_info    0x0000000000000000       0xa4 bin/startup_LPC11xx.o
 .debug_info    0x00000000000000a4     0x1fb1 bin/board.o
 .debug_info    0x0000000000002055      0xb35 bin/charge.o
 .debug_info    0x0000000000002b8a     0x1b05 bin/console.o
 .debug_info    0x000000000000468f      0xdd7 bin/main.o
 .debug_info    0x0000000000005466      0xdc0 bin/microrl.o
 .debug_info    0x0000000000006226      0x44b bin/pack_config.o
 .debug_info    0x0000000000006671     0x1bd2 bin/pins.o
 .debug_info    0x0000000000008243      0x900 bin/ssm.o
 .debug_info    0x0000000000008b43      0x526 bin/sysinit.o
 .debug_info    0x0000000000009069      0x9cc bin/clock_11xx.o
 .debug_info    0x0000000000009a35      0xc89 bin/gpio_11xx_2.o
 .debug_info    0x000000000000a6be      0x47f bin/ring_buffer.o
 .debug_info    0x000000000000ab3d     0x1397 bin/uart_11xx.o
 .debug_info    0x000000000000bed4     0x185c bin/can.o
 .debug_info    0x000000000000d730     0x476b bin/Can_Library.o

.debug_abbrev   0x0000000000000000     0x2470
 .debug_abbrev  0x0000000000000000       0x12 bin/startup_LPC11xx.o
 .debug_abbrev  0x0000000000000012      0x3df bin/board.o
 .debug_abbrev  0x00000000000003f1      0x18b bin/charge.o
 .debug_abbrev  0x000000000000057c      0x2e3 bin/console.o
 .debug_abbrev  0x000000000000085f      0x23c bin/main.o
 .debug_abbrev  0x0000000000000a9b      0x323 bin/microrl.o
 .debug_abbrev  0x0000000000000dbe       0xd9 bin/pack_config.o
 .debug_abbrev  0x0000000000000e97      0x21d bin/pins.o
 .debug_abbrev  0x00000000000010b4      0x1cc bin/ssm.o
 .debug_abbrev  0x0000000000001280       0xbf bin/sysinit.o
 .debug_abbrev  0x000000000000133f      0x286 bin/clock_11xx.o
 .debug_abbrev  0x00000000000015c5      0x1ff bin/gpio_11xx_2.o
 .debug_abbrev  0x00000000000017c4      0x179 bin/ring_buffer.o
 .debug_abbrev  0x000000000000193d      0x394 bin/uart_11xx.o
 .debug_abbrev  0x0000000000001cd1      0x416 bin/can.o
 .debug_abbrev  0x00000000000020e7      0x389 bin/Can_Library.o

.debug_aranges  0x0000000000000000      0x8a0
 .debug_aranges
                0x0000000000000000       0x28 bin/startup_LPC11xx.o
 .debug_aranges
                0x0000000000000028       0xd0 bin/board.o
 .debug_aranges
                0x00000000000000f8       0x38 bin/charge.o
 .debug_aranges
                0x0000000000000130       0x70 bin/console.o
 .debug_aranges
                0x00000000000001a0       0x40 bin/main.o
 .debug_aranges
                0x00000000000001e0       0x70 bin/microrl.o
 .debug_aranges
                0x0000000000000250       0x28 bin/pack_config.o
 .debug_aranges
                0x0000000000000278       0xc0 bin/pins.o
 .debug_aranges
                0x0000000000000338       0x40 bin/ssm.o
 .debug_aranges
                0x0000000000000378       0x20 bin/sysinit.o
 .debug_aranges
                0x0000000000000398       0x68 bin/clock_11xx.o
 .debug_aranges
                0x0000000000000400       0x50 bin/gpio_11xx_2.o
 .debug_aranges
                0x0000000000000450       0x40 bin/ring_buffer.o
 .debug_aranges
                0x0000000000000490       0x80 bin/uart_11xx.o
 .debug_aranges
                0x0000000000000510       0xa0 bin/can.o
 .debug_aranges
                0x00000000000005b0      0x2f0 bin/Can_Library.o

.debug_ranges   0x0000000000000000     0x18f0
 .debug_ranges  0x0000000000000000       0x20 bin/startup_LPC11xx.o
 .debug_ranges  0x0000000000000020      0x1a0 bin/board.o
 .debug_ranges  0x00000000000001c0       0x58 bin/charge.o
 .debug_ranges  0x0000000000000218      0x280 bin/console.o
 .debug_ranges  0x0000000000000498       0x30 bin/main.o
 .debug_ranges  0x00000000000004c8      0x120 bin/microrl.o
 .debug_ranges  0x00000000000005e8       0x18 bin/pack_config.o
 .debug_ranges  0x0000000000000600      0x3a0 bin/pins.o
 .debug_ranges  0x00000000000009a0       0x60 bin/ssm.o
 .debug_ranges  0x0000000000000a00       0x10 bin/sysinit.o
 .debug_ranges  0x0000000000000a10       0xc0 bin/clock_11xx.o
 .debug_ranges  0x0000000000000ad0       0xe0 bin/gpio_11xx_2.o
 .debug_ranges  0x0000000000000bb0       0x68 bin/ring_buffer.o
 .debug_ranges  0x0000000000000c18      0x220 bin/uart_11xx.o
 .debug_ranges  0x0000000000000e38      0x130 bin/can.o
 .debug_ranges  0x0000000000000f68      0x988 bin/Can_Library.o

.debug_loc      0x0000000000000000     0xa798
 .debug_loc     0x0000000000000000      0x7ae bin/board.o
 .debug_loc     0x00000000000007ae      0x3fe bin/charge.o
 .debug_loc     0x0000000000000bac     0x13b2 bin/console.o
 .debug_loc     0x0000000000001f5e      0x179 bin/main.o
 .debug_loc     0x00000000000020d7      0xb4e bin/microrl.o
 .debug_loc     0x0000000000002c25       0x42 bin/pack_config.o
 .debug_loc     0x0000000000002c67     0x1ef8 bin/pins.o
 .debug_loc     0x0000000000004b5f      0x27f bin/ssm.o
 .debug_loc     0x0000000000004dde      0x108 bin/clock_11xx.o
 .debug_loc     0x0000000000004ee6      0x4ec bin/gpio_11xx_2.o
 .debug_loc     0x00000000000053d2      0x5a8 bin/ring_buffer.o
 .debug_loc     0x000000000000597a      0xcbe bin/uart_11xx.o
 .debug_loc     0x0000000000006638      0x5c9 bin/can.o
 .debug_loc     0x0000000000006c01     0x3b97 bin/Can_Library.o

.debug_macro    0x0000000000000000     0x4cd5
 .debug_macro   0x0000000000000000      0x355 bin/board.o
 .debug_macro   0x0000000000000355      0x826 bin/board.o
 .debug_macro   0x0000000000000b7b       0x22 bin/board.o
 .debug_macro   0x0000000000000b9d       0x87 bin/board.o
 .debug_macro   0x0000000000000c24       0x44 bin/board.o
 .debug_macro   0x0000000000000c68       0xfd bin/board.o
 .debug_macro   0x0000000000000d65       0x5e bin/board.o
 .debug_macro   0x0000000000000dc3      0x1df bin/board.o
 .debug_macro   0x0000000000000fa2       0x22 bin/board.o
 .debug_macro   0x0000000000000fc4       0x16 bin/board.o
 .debug_macro   0x0000000000000fda      0x1c0 bin/board.o
 .debug_macro   0x000000000000119a       0x73 bin/board.o
 .debug_macro   0x000000000000120d       0x10 bin/board.o
 .debug_macro   0x000000000000121d       0x1f bin/board.o
 .debug_macro   0x000000000000123c       0x3a bin/board.o
 .debug_macro   0x0000000000001276      0x241 bin/board.o
 .debug_macro   0x00000000000014b7      0x11e bin/board.o
 .debug_macro   0x00000000000015d5       0x22 bin/board.o
 .debug_macro   0x00000000000015f7       0xb2 bin/board.o
 .debug_macro   0x00000000000016a9       0x10 bin/board.o
 .debug_macro   0x00000000000016b9      0x137 bin/board.o
 .debug_macro   0x00000000000017f0       0x4c bin/board.o
 .debug_macro   0x000000000000183c       0x16 bin/board.o
 .debug_macro   0x0000000000001852      0x31a bin/board.o
 .debug_macro   0x0000000000001b6c       0x2e bin/board.o
 .debug_macro   0x0000000000001b9a       0xb8 bin/board.o
 .debug_macro   0x0000000000001c52       0x11 bin/board.o
 .debug_macro   0x0000000000001c63       0x7c bin/board.o
 .debug_macro   0x0000000000001cdf      0x21c bin/board.o
 .debug_macro   0x0000000000001efb      0x129 bin/board.o
 .debug_macro   0x0000000000002024       0x4c bin/board.o
 .debug_macro   0x0000000000002070       0xee bin/board.o
 .debug_macro   0x000000000000215e       0x10 bin/board.o
 .debug_macro   0x000000000000216e       0xf4 bin/board.o
 .debug_macro   0x0000000000002262       0x52 bin/board.o
 .debug_macro   0x00000000000022b4       0x35 bin/board.o
 .debug_macro   0x00000000000022e9       0x9c bin/board.o
 .debug_macro   0x0000000000002385      0x16d bin/board.o
 .debug_macro   0x00000000000024f2       0x52 bin/board.o
 .debug_macro   0x0000000000002544       0x1f bin/board.o
 .debug_macro   0x0000000000002563       0x43 bin/board.o
 .debug_macro   0x00000000000025a6       0x20 bin/board.o
 .debug_macro   0x00000000000025c6      0x187 bin/board.o
 .debug_macro   0x000000000000274d      0x330 bin/board.o
 .debug_macro   0x0000000000002a7d       0x10 bin/board.o
 .debug_macro   0x0000000000002a8d       0x35 bin/board.o
 .debug_macro   0x0000000000002ac2       0x16 bin/board.o
 .debug_macro   0x0000000000002ad8       0x16 bin/board.o
 .debug_macro   0x0000000000002aee       0x29 bin/board.o
 .debug_macro   0x0000000000002b17      0x1d5 bin/charge.o
 .debug_macro   0x0000000000002cec      0x35f bin/console.o
 .debug_macro   0x000000000000304b       0x4c bin/console.o
 .debug_macro   0x0000000000003097       0x8d bin/console.o
 .debug_macro   0x0000000000003124       0x4a bin/console.o
 .debug_macro   0x000000000000316e       0x6c bin/console.o
 .debug_macro   0x00000000000031da      0x35b bin/main.o
 .debug_macro   0x0000000000003535      0x173 bin/microrl.o
 .debug_macro   0x00000000000036a8      0x111 bin/microrl.o
 .debug_macro   0x00000000000037b9      0x11d bin/pack_config.o
 .debug_macro   0x00000000000038d6      0x394 bin/pins.o
 .debug_macro   0x0000000000003c6a       0x6d bin/pins.o
 .debug_macro   0x0000000000003cd7      0x325 bin/ssm.o
 .debug_macro   0x0000000000003ffc      0x223 bin/sysinit.o
 .debug_macro   0x000000000000421f      0x16f bin/clock_11xx.o
 .debug_macro   0x000000000000438e      0x16f bin/gpio_11xx_2.o
 .debug_macro   0x00000000000044fd      0x148 bin/ring_buffer.o
 .debug_macro   0x0000000000004645       0x66 bin/ring_buffer.o
 .debug_macro   0x00000000000046ab       0x10 bin/ring_buffer.o
 .debug_macro   0x00000000000046bb      0x16f bin/uart_11xx.o
 .debug_macro   0x000000000000482a      0x23d bin/can.o
 .debug_macro   0x0000000000004a67      0x22e bin/Can_Library.o
 .debug_macro   0x0000000000004c95       0x40 bin/Can_Library.o

.debug_str      0x0000000000000000    0x10b77
 .debug_str     0x0000000000000000     0xc4f6 bin/board.o
                                       0xcbb3 (size before relaxing)
 .debug_str     0x000000000000c4f6       0x91 bin/charge.o
                                       0x755f (size before relaxing)
 .debug_str     0x000000000000c587      0x43a bin/console.o
                                       0xbf68 (size before relaxing)
 .debug_str     0x000000000000c9c1      0x122 bin/main.o
                                       0xbd72 (size before relaxing)
 .debug_str     0x000000000000cae3      0x95e bin/microrl.o
                                       0x6a82 (size before relaxing)
 .debug_str     0x000000000000d441       0x12 bin/pack_config.o
                                       0x4648 (size before relaxing)
 .debug_str     0x000000000000d453      0x8d2 bin/pins.o
                                       0x804c (size before relaxing)
 .debug_str     0x000000000000dd25       0x2e bin/ssm.o
                                       0xba45 (size before relaxing)
 .debug_str     0x000000000000dd53      0x56a bin/sysinit.o
                                       0x79fa (size before relaxing)
 .debug_str     0x000000000000e2bd      0x580 bin/clock_11xx.o
                                       0x7c75 (size before relaxing)
 .debug_str     0x000000000000e83d      0x3fe bin/gpio_11xx_2.o
                                       0x7b5d (size before relaxing)
 .debug_str     0x000000000000ec3b      0x137 bin/ring_buffer.o
                                       0x608f (size before relaxing)
 .debug_str     0x000000000000ed72      0x1ee bin/uart_11xx.o
                                       0x7c99 (size before relaxing)
 .debug_str     0x000000000000ef60      0x87f bin/can.o
                                       0xaf18 (size before relaxing)
 .debug_str     0x000000000000f7df     0x1398 bin/Can_Library.o
                                       0x9bf3 (size before relaxing)

.debug_frame    0x0000000000000000     0x1afc
 .debug_frame   0x0000000000000000      0x28c bin/board.o
 .debug_frame   0x000000000000028c       0x6c bin/charge.o
 .debug_frame   0x00000000000002f8      0x16c bin/console.o
 .debug_frame   0x0000000000000464       0xc0 bin/main.o
 .debug_frame   0x0000000000000524      0x184 bin/microrl.o
 .debug_frame   0x00000000000006a8       0x30 bin/pack_config.o
 .debug_frame   0x00000000000006d8      0x184 bin/pins.o
 .debug_frame   0x000000000000085c       0x84 bin/ssm.o
 .debug_frame   0x00000000000008e0       0x20 bin/sysinit.o
 .debug_frame   0x0000000000000900       0xd8 bin/clock_11xx.o
 .debug_frame   0x00000000000009d8       0xa4 bin/gpio_11xx_2.o
 .debug_frame   0x0000000000000a7c       0xc8 bin/ring_buffer.o
 .debug_frame   0x0000000000000b44      0x1c8 bin/uart_11xx.o
 .debug_frame   0x0000000000000d0c      0x1d0 bin/can.o
 .debug_frame   0x0000000000000edc      0xae0 bin/Can_Library.o
 .debug_frame   0x00000000000019bc       0x20 /usr/local/Cellar/gcc-arm-none-eabi/20160928/bin/../lib/gcc/arm-none-eabi/5.4.1/armv6-m/libgcc.a(_udivsi3.o)
 .debug_frame   0x00000000000019dc       0x2c /usr/local/Cellar/gcc-arm-none-eabi/20160928/bin/../lib/gcc/arm-none-eabi/5.4.1/../../../../arm-none-eabi/lib/armv6-m/libg.a(lib_a-memcpy-stub.o)
 .debug_frame   0x0000000000001a08       0x2c /usr/local/Cellar/gcc-arm-none-eabi/20160928/bin/../lib/gcc/arm-none-eabi/5.4.1/../../../../arm-none-eabi/lib/armv6-m/libg.a(lib_a-memmove.o)
 .debug_frame   0x0000000000001a34       0x2c /usr/local/Cellar/gcc-arm-none-eabi/20160928/bin/../lib/gcc/arm-none-eabi/5.4.1/../../../../arm-none-eabi/lib/armv6-m/libg.a(lib_a-memset.o)
 .debug_frame   0x0000000000001a60       0x20 /usr/local/Cellar/gcc-arm-none-eabi/20160928/bin/../lib/gcc/arm-none-eabi/5.4.1/../../../../arm-none-eabi/lib/armv6-m/libg.a(lib_a-strcmp.o)
 .debug_frame   0x0000000000001a80       0x28 /usr/local/Cellar/gcc-arm-none-eabi/20160928/bin/../lib/gcc/arm-none-eabi/5.4.1/../../../../arm-none-eabi/lib/armv6-m/libg.a(lib_a-strlen-stub.o)
 .debug_frame   0x0000000000001aa8       0x54 /usr/local/Cellar/gcc-arm-none-eabi/20160928/bin/../lib/gcc/arm-none-eabi/5.4.1/../../../../arm-none-eabi/lib/armv6-m/libg.a(lib_a-utoa.o)

Cross Reference Table

Symbol                                            File
ADC_IRQHandler                                    bin/startup_LPC11xx.o
BMS_Pin_Get                                       bin/pins.o
                                                  bin/board.o
BOD_IRQHandler                                    bin/startup_LPC11xx.o
Baudrate_Calculate                                bin/can.o
Board_BlockingDelay                               bin/board.o
Board_Can_Init                                    bin/board.o
                                                  bin/main.o
Board_Can_ProcessInput                            bin/board.o
                                                  bin/main.o
Board_Can_ProcessOutput                           bin/board.o
                                                  bin/main.o
Board_Check_Faults                                bin/board.o
                                                  bin/main.o
Board_Chip_Init                                   bin/board.o
                                                  bin/main.o
Board_Contactors_Closed                           bin/board.o
                                                  bin/main.o
Board_Contactors_Set                              bin/board.o
                                                  bin/main.o
Board_GPIO_Init                                   bin/pins.o
                                                  bin/main.o
Board_GetModeRequest                              bin/board.o
                                                  bin/main.o
Board_Print                                       bin/board.o
                                                  bin/main.o
                                                  bin/console.o
Board_PrintNum                                    bin/board.o
Board_Print_BLOCKING                              bin/board.o
                                                  bin/console.o
Board_Println                                     bin/board.o
                                                  bin/console.o
Board_Println_BLOCKING                            bin/board.o
                                                  bin/console.o
Board_Read                                        bin/board.o
                                                  bin/main.o
Board_UART_Init                                   bin/board.o
                                                  bin/main.o
Board_Write                                       bin/board.o
Brusa_CheckErr                                    bin/brusa.o
Brusa_CheckOn                                     bin/brusa.o
Brusa_Decode                                      bin/brusa.o
Brusa_DecodeActI                                  bin/brusa.o
Brusa_DecodeActII                                 bin/brusa.o
Brusa_DecodeErr                                   bin/brusa.o
Brusa_DecodeStatus                                bin/brusa.o
Brusa_DecodeTemp                                  bin/brusa.o
Brusa_MakeCTL                                     bin/brusa.o
Button1_Pin_Set                                   bin/pins.o
Button2_Pin_Set                                   bin/pins.o
Button3_Pin_Set                                   bin/pins.o
Button4_Pin_Set                                   bin/pins.o
CAN_GetErrorStatus                                bin/can.o
CAN_GetRxErrorCount                               bin/can.o
CAN_GetTxErrorCount                               bin/can.o
CAN_IRQHandler                                    bin/can.o
                                                  bin/startup_LPC11xx.o
CAN_Init                                          bin/can.o
                                                  bin/Can_Library.o
CAN_IsTxBusy                                      bin/can.o
CAN_Receive                                       bin/can.o
                                                  bin/Can_Library.o
CAN_ResetPeripheral                               bin/can.o
                                                  bin/board.o
CAN_SetMask1                                      bin/can.o
                                                  bin/Can_Library.o
CAN_SetMask2                                      bin/can.o
                                                  bin/Can_Library.o
CAN_Transmit                                      bin/can.o
                                                  bin/Can_Library.o
CAN_TransmitMsgObj                                bin/can.o
CAN_error                                         bin/can.o
CAN_rx                                            bin/can.o
CAN_tx                                            bin/can.o
Can0_Bms_Init                                     bin/Can_Library.o
Can0_Can_Node_Init                                bin/Can_Library.o
Can0_Csb_Init                                     bin/Can_Library.o
                                                  bin/board.o
Can0_Dash_Init                                    bin/Can_Library.o
Can0_Rear_Can_Node_Init                           bin/Can_Library.o
Can0_Vcu_Init                                     bin/Can_Library.o
Can_BMSCellTemps_FromCan                          bin/Can_Library.o
Can_BMSCellTemps_Read                             bin/Can_Library.o
Can_BMSCellTemps_ToCan                            bin/Can_Library.o
Can_BMSCellTemps_Write                            bin/Can_Library.o
Can_BMSErrors_FromCan                             bin/Can_Library.o
Can_BMSErrors_Read                                bin/Can_Library.o
                                                  bin/board.o
Can_BMSErrors_ToCan                               bin/Can_Library.o
Can_BMSErrors_Write                               bin/Can_Library.o
Can_BMSState_FromCan                              bin/Can_Library.o
Can_BMSState_Read                                 bin/Can_Library.o
Can_BMSState_ToCan                                bin/Can_Library.o
Can_BMSState_Write                                bin/Can_Library.o
Can_BMS_CSB_Switch_FromCan                        bin/Can_Library.o
Can_BMS_CSB_Switch_Read                           bin/Can_Library.o
Can_BMS_CSB_Switch_ToCan                          bin/Can_Library.o
Can_BMS_CSB_Switch_Write                          bin/Can_Library.o
                                                  bin/board.o
Can_BMS_Mode_FromCan                              bin/Can_Library.o
Can_BMS_Mode_Read                                 bin/Can_Library.o
Can_BMS_Mode_ToCan                                bin/Can_Library.o
Can_BMS_Mode_Write                                bin/Can_Library.o
                                                  bin/board.o
Can_BMS_SOC_FromCan                               bin/Can_Library.o
Can_BMS_SOC_Read                                  bin/Can_Library.o
Can_BMS_SOC_ToCan                                 bin/Can_Library.o
Can_BMS_SOC_Write                                 bin/Can_Library.o
Can_BMS_VCU_Switch_FromCan                        bin/Can_Library.o
Can_BMS_VCU_Switch_Read                           bin/Can_Library.o
Can_BMS_VCU_Switch_ToCan                          bin/Can_Library.o
Can_BMS_VCU_Switch_Write                          bin/Can_Library.o
Can_BmsPackStatus_FromCan                         bin/Can_Library.o
Can_BmsPackStatus_Read                            bin/Can_Library.o
                                                  bin/board.o
Can_BmsPackStatus_ToCan                           bin/Can_Library.o
Can_BmsPackStatus_Write                           bin/Can_Library.o
Can_CurrentSensor_Current_FromCan                 bin/Can_Library.o
Can_CurrentSensor_Current_Read                    bin/Can_Library.o
Can_CurrentSensor_Current_ToCan                   bin/Can_Library.o
Can_CurrentSensor_Current_Write                   bin/Can_Library.o
Can_CurrentSensor_Power_FromCan                   bin/Can_Library.o
Can_CurrentSensor_Power_Read                      bin/Can_Library.o
Can_CurrentSensor_Power_ToCan                     bin/Can_Library.o
Can_CurrentSensor_Power_Write                     bin/Can_Library.o
Can_CurrentSensor_Voltage_FromCan                 bin/Can_Library.o
Can_CurrentSensor_Voltage_Read                    bin/Can_Library.o
Can_CurrentSensor_Voltage_ToCan                   bin/Can_Library.o
Can_CurrentSensor_Voltage_Write                   bin/Can_Library.o
Can_Dash_Request_FromCan                          bin/Can_Library.o
Can_Dash_Request_Read                             bin/Can_Library.o
Can_Dash_Request_ToCan                            bin/Can_Library.o
Can_Dash_Request_Write                            bin/Can_Library.o
Can_ElconCommand_FromCan                          bin/Can_Library.o
Can_ElconCommand_Read                             bin/Can_Library.o
Can_ElconCommand_ToCan                            bin/Can_Library.o
Can_ElconCommand_Write                            bin/Can_Library.o
                                                  bin/board.o
Can_ElconHeartbeat_FromCan                        bin/Can_Library.o
Can_ElconHeartbeat_Read                           bin/Can_Library.o
                                                  bin/board.o
Can_ElconHeartbeat_ToCan                          bin/Can_Library.o
Can_ElconHeartbeat_Write                          bin/Can_Library.o
Can_Error_Read                                    bin/Can_Library.o
                                                  bin/board.o
Can_FrontCanNodeOutput_FromCan                    bin/Can_Library.o
Can_FrontCanNodeOutput_Read                       bin/Can_Library.o
Can_FrontCanNodeOutput_ToCan                      bin/Can_Library.o
Can_FrontCanNodeOutput_Write                      bin/Can_Library.o
Can_FrontCanNodeWheelSpeed_FromCan                bin/Can_Library.o
Can_FrontCanNodeWheelSpeed_Read                   bin/Can_Library.o
Can_FrontCanNodeWheelSpeed_ToCan                  bin/Can_Library.o
Can_FrontCanNodeWheelSpeed_Write                  bin/Can_Library.o
Can_Init                                          bin/Can_Library.o
Can_MC_Command_FromCan                            bin/Can_Library.o
Can_MC_Command_Read                               bin/Can_Library.o
Can_MC_Command_ToCan                              bin/Can_Library.o
Can_MC_Command_Write                              bin/Can_Library.o
Can_MsgType                                       bin/Can_Library.o
                                                  bin/board.o
Can_RawRead                                       bin/Can_Library.o
Can_RawWrite                                      bin/Can_Library.o
Can_RearCanNodeWheelSpeed_FromCan                 bin/Can_Library.o
Can_RearCanNodeWheelSpeed_Read                    bin/Can_Library.o
Can_RearCanNodeWheelSpeed_ToCan                   bin/Can_Library.o
Can_RearCanNodeWheelSpeed_Write                   bin/Can_Library.o
Can_SetFilter                                     bin/Can_Library.o
Can_Unknown_Read                                  bin/Can_Library.o
                                                  bin/board.o
Can_VcuToDash_FromCan                             bin/Can_Library.o
Can_VcuToDash_Read                                bin/Can_Library.o
Can_VcuToDash_ToCan                               bin/Can_Library.o
Can_VcuToDash_Write                               bin/Can_Library.o
Charge_Config                                     bin/charge.o
Charge_Init                                       bin/charge.o
                                                  bin/ssm.o
Charge_Step                                       bin/charge.o
                                                  bin/ssm.o
Chip_ADC_DeInit                                   bin/adc_11xx.o
Chip_ADC_EnableChannel                            bin/adc_11xx.o
Chip_ADC_Init                                     bin/adc_11xx.o
Chip_ADC_Int_SetChannelCmd                        bin/adc_11xx.o
Chip_ADC_ReadByte                                 bin/adc_11xx.o
Chip_ADC_ReadStatus                               bin/adc_11xx.o
Chip_ADC_ReadValue                                bin/adc_11xx.o
Chip_ADC_SetBurstCmd                              bin/adc_11xx.o
Chip_ADC_SetResolution                            bin/adc_11xx.o
Chip_ADC_SetSampleRate                            bin/adc_11xx.o
Chip_ADC_SetStartMode                             bin/adc_11xx.o
Chip_Clock_GetMainClockRate                       bin/clock_11xx.o
                                                  bin/can.o
                                                  bin/uart_11xx.o
                                                  bin/ssp_11xx.o
Chip_Clock_GetSystemClockRate                     bin/clock_11xx.o
                                                  bin/chip_11xx.o
                                                  bin/adc_11xx.o
Chip_Clock_GetSystemPLLInClockRate                bin/clock_11xx.o
Chip_Clock_GetSystemPLLOutClockRate               bin/clock_11xx.o
Chip_Clock_GetWDTOSCRate                          bin/clock_11xx.o
Chip_Clock_SetCLKOUTSource                        bin/clock_11xx.o
Chip_Clock_SetMainClockSource                     bin/clock_11xx.o
                                                  bin/sysinit_11xx.o
Chip_Clock_SetPLLBypass                           bin/clock_11xx.o
Chip_Clock_SetSystemPLLSource                     bin/clock_11xx.o
                                                  bin/sysinit_11xx.o
Chip_Clock_SetWDTClockSource                      bin/clock_11xx.o
Chip_GPIO_DeInit                                  bin/gpio_11xx_2.o
Chip_GPIO_Init                                    bin/gpio_11xx_2.o
                                                  bin/pins.o
Chip_GPIO_SetDir                                  bin/gpio_11xx_2.o
Chip_GPIO_SetPinDIR                               bin/gpio_11xx_2.o
Chip_GPIO_SetPortDIR                              bin/gpio_11xx_2.o
Chip_GPIO_SetupPinInt                             bin/gpio_11xx_2.o
Chip_GPIO_WriteDirBit                             bin/gpio_11xx_2.o
                                                  bin/mcp2515.o
                                                  bin/ltc6804.o
                                                  bin/lc1024.o
Chip_I2C_DeInit                                   bin/i2c_11xx.o
Chip_I2C_Disable                                  bin/i2c_11xx.o
Chip_I2C_EventHandler                             bin/i2c_11xx.o
Chip_I2C_EventHandlerPolling                      bin/i2c_11xx.o
Chip_I2C_GetClockRate                             bin/i2c_11xx.o
Chip_I2C_GetMasterEventHandler                    bin/i2c_11xx.o
Chip_I2C_Init                                     bin/i2c_11xx.o
Chip_I2C_IsMasterActive                           bin/i2c_11xx.o
Chip_I2C_IsStateChanged                           bin/i2c_11xx.o
Chip_I2C_MasterCmdRead                            bin/i2c_11xx.o
Chip_I2C_MasterRead                               bin/i2c_11xx.o
Chip_I2C_MasterSend                               bin/i2c_11xx.o
Chip_I2C_MasterStateHandler                       bin/i2c_11xx.o
Chip_I2C_MasterTransfer                           bin/i2c_11xx.o
Chip_I2C_SetClockRate                             bin/i2c_11xx.o
Chip_I2C_SetMasterEventHandler                    bin/i2c_11xx.o
Chip_I2C_SlaveSetup                               bin/i2c_11xx.o
Chip_I2C_SlaveStateHandler                        bin/i2c_11xx.o
Chip_PMU_DeepPowerDownState                       bin/pmu_11xx.o
Chip_PMU_Sleep                                    bin/pmu_11xx.o
Chip_PMU_SleepState                               bin/pmu_11xx.o
Chip_SSP_DeInit                                   bin/ssp_11xx.o
Chip_SSP_Init                                     bin/ssp_11xx.o
                                                  bin/ltc6804.o
                                                  bin/lc1024.o
Chip_SSP_Int_FlushData                            bin/ssp_11xx.o
Chip_SSP_Int_RWFrames16Bits                       bin/ssp_11xx.o
Chip_SSP_Int_RWFrames8Bits                        bin/ssp_11xx.o
Chip_SSP_RWFrames_Blocking                        bin/ssp_11xx.o
                                                  bin/mcp2515.o
                                                  bin/ltc6804.o
                                                  bin/lc1024.o
Chip_SSP_ReadFrames_Blocking                      bin/ssp_11xx.o
Chip_SSP_SetBitRate                               bin/ssp_11xx.o
                                                  bin/ltc6804.o
                                                  bin/lc1024.o
Chip_SSP_SetClockRate                             bin/ssp_11xx.o
Chip_SSP_SetMaster                                bin/ssp_11xx.o
                                                  bin/ltc6804.o
                                                  bin/lc1024.o
Chip_SSP_WriteFrames_Blocking                     bin/ssp_11xx.o
                                                  bin/mcp2515.o
                                                  bin/ltc6804.o
                                                  bin/lc1024.o
Chip_SYSCTL_PowerDown                             bin/sysctl_11xx.o
                                                  bin/sysinit_11xx.o
                                                  bin/adc_11xx.o
Chip_SYSCTL_PowerUp                               bin/sysctl_11xx.o
                                                  bin/sysinit_11xx.o
                                                  bin/adc_11xx.o
Chip_SYSCTL_SetDeepSleepPD                        bin/sysctl_11xx.o
Chip_SYSCTL_SetWakeup                             bin/sysctl_11xx.o
Chip_SystemInit                                   bin/sysinit_11xx.o
Chip_TIMER_DeInit                                 bin/timer_11xx.o
Chip_TIMER_ExtMatchControlSet                     bin/timer_11xx.o
Chip_TIMER_Init                                   bin/timer_11xx.o
Chip_TIMER_Reset                                  bin/timer_11xx.o
Chip_UART_DeInit                                  bin/uart_11xx.o
Chip_UART_IRQRBHandler                            bin/uart_11xx.o
                                                  bin/board.o
Chip_UART_Init                                    bin/uart_11xx.o
                                                  bin/board.o
Chip_UART_RXIntHandlerRB                          bin/uart_11xx.o
Chip_UART_Read                                    bin/uart_11xx.o
Chip_UART_ReadBlocking                            bin/uart_11xx.o
Chip_UART_ReadRB                                  bin/uart_11xx.o
                                                  bin/board.o
Chip_UART_Send                                    bin/uart_11xx.o
Chip_UART_SendBlocking                            bin/uart_11xx.o
                                                  bin/board.o
Chip_UART_SendRB                                  bin/uart_11xx.o
                                                  bin/board.o
Chip_UART_SetBaud                                 bin/uart_11xx.o
Chip_UART_SetBaudFDR                              bin/uart_11xx.o
                                                  bin/board.o
Chip_UART_TXIntHandlerRB                          bin/uart_11xx.o
Chip_WWDT_ClearStatusFlag                         bin/wwdt_11xx.o
Chip_WWDT_DeInit                                  bin/wwdt_11xx.o
Chip_WWDT_Init                                    bin/wwdt_11xx.o
Convert_To_CAN_Error                              bin/can.o
Default_Handler                                   bin/startup_LPC11xx.o
HardFault_Handler                                 bin/startup_LPC11xx.o
High_Side_Contactor_Pin_Get                       bin/pins.o
High_Side_Contactor_Pin_Set                       bin/pins.o
                                                  bin/board.o
I2C_IRQHandler                                    bin/startup_LPC11xx.o
IMD_Pin_Get                                       bin/pins.o
                                                  bin/board.o
Init_Step                                         bin/ssm.o
Init_Structs                                      bin/main.o
Interlock_Pin_Get                                 bin/pins.o
                                                  bin/board.o
Is_State_Done                                     bin/ssm.o
Is_Valid_Jump                                     bin/ssm.o
                                                  bin/console.o
LC1024_Init                                       bin/lc1024.o
LC1024_ReadMem                                    bin/lc1024.o
LC1024_ReadStatusReg                              bin/lc1024.o
LC1024_WriteDisable                               bin/lc1024.o
LC1024_WriteEnable                                bin/lc1024.o
LC1024_WriteMem                                   bin/lc1024.o
LCD_DB0_Pin_Set                                   bin/pins.o
LCD_DB1_Pin_Set                                   bin/pins.o
LCD_DB2_Pin_Set                                   bin/pins.o
LCD_DB3_Pin_Set                                   bin/pins.o
LCD_DB4_Pin_Set                                   bin/pins.o
LCD_DB5_Pin_Set                                   bin/pins.o
LCD_DB6_Pin_Set                                   bin/pins.o
LCD_DB7_Pin_Set                                   bin/pins.o
LCD_E_Pin_Set                                     bin/pins.o
LCD_RS_Pin_Set                                    bin/pins.o
LTC6804_CVST                                      bin/ltc6804.o
LTC6804_ClearCellVoltages                         bin/ltc6804.o
LTC6804_GetCellVoltages                           bin/ltc6804.o
LTC6804_GetGPIOVoltages                           bin/ltc6804.o
LTC6804_Init                                      bin/ltc6804.o
LTC6804_OpenWireTest                              bin/ltc6804.o
LTC6804_SetGPIOState                              bin/ltc6804.o
LTC6804_UpdateBalanceStates                       bin/ltc6804.o
LTC6804_VerifyCFG                                 bin/ltc6804.o
LTC6804_WriteCFG                                  bin/ltc6804.o
Low_Side_Contactor_Pin_Get                        bin/pins.o
                                                  bin/board.o
MBB_DecodeExt                                     bin/a123mbb.o
MBB_DecodeStd                                     bin/a123mbb.o
MBB_MakeCMD                                       bin/a123mbb.o
MCP2515_BitModify                                 bin/mcp2515.o
MCP2515_GetEmptyTransmitBuffer                    bin/mcp2515.o
MCP2515_GetFullReceiveBuffer                      bin/mcp2515.o
MCP2515_Init                                      bin/mcp2515.o
MCP2515_LoadBuffer                                bin/mcp2515.o
MCP2515_LoadBufferData                            bin/mcp2515.o
MCP2515_Mode                                      bin/mcp2515.o
MCP2515_Read                                      bin/mcp2515.o
MCP2515_ReadBuffer                                bin/mcp2515.o
MCP2515_Reset                                     bin/mcp2515.o
MCP2515_SendBuffer                                bin/mcp2515.o
MCP2515_SetBitRate                                bin/mcp2515.o
MCP2515_Write                                     bin/mcp2515.o
MY16_Pack_Config                                  bin/pack_config.o
                                                  bin/console.o
MY18_Pack_Config                                  bin/pack_config.o
                                                  bin/main.o
                                                  bin/console.o
NMI_Handler                                       bin/startup_LPC11xx.o
OscRateIn                                         bin/board.o
                                                  bin/clock_11xx.o
Output_Measurements                               bin/console.o
                                                  bin/main.o
PIOINT0_IRQHandler                                bin/startup_LPC11xx.o
PIOINT1_IRQHandler                                bin/startup_LPC11xx.o
PIOINT2_IRQHandler                                bin/startup_LPC11xx.o
PIOINT3_IRQHandler                                bin/startup_LPC11xx.o
PendSV_Handler                                    bin/startup_LPC11xx.o
Process_Input                                     bin/main.o
Process_Keyboard                                  bin/main.o
Process_Output                                    bin/main.o
Reset_Handler                                     bin/startup_LPC11xx.o
RingBuffer_Init                                   bin/ring_buffer.o
                                                  bin/can.o
                                                  bin/board.o
RingBuffer_Insert                                 bin/ring_buffer.o
                                                  bin/can.o
                                                  bin/uart_11xx.o
RingBuffer_InsertMult                             bin/ring_buffer.o
                                                  bin/uart_11xx.o
RingBuffer_Pop                                    bin/ring_buffer.o
                                                  bin/can.o
                                                  bin/uart_11xx.o
RingBuffer_PopMult                                bin/ring_buffer.o
                                                  bin/uart_11xx.o
SSM_Init                                          bin/ssm.o
                                                  bin/main.o
SSM_Step                                          bin/ssm.o
                                                  bin/main.o
SSP0_IRQHandler                                   bin/startup_LPC11xx.o
SSP1_IRQHandler                                   bin/startup_LPC11xx.o
SVC_Handler                                       bin/startup_LPC11xx.o
Send_Bms_Mode                                     bin/board.o
Send_Bms_Switch                                   bin/board.o
Send_Elcon_Command                                bin/board.o
SysTick_Handler                                   bin/board.o
                                                  bin/startup_LPC11xx.o
SystemCoreClock                                   bin/chip_11xx.o
                                                  bin/sysinit.o
                                                  bin/i2c_11xx.o
                                                  bin/board.o
SystemCoreClockUpdate                             bin/chip_11xx.o
SystemInit                                        bin/sysinit.o
                                                  bin/startup_LPC11xx.o
TIMER16_0_IRQHandler                              bin/startup_LPC11xx.o
TIMER16_1_IRQHandler                              bin/startup_LPC11xx.o
TIMER32_0_IRQHandler                              bin/startup_LPC11xx.o
TIMER32_1_IRQHandler                              bin/startup_LPC11xx.o
TicksPerMS                                        bin/sysinit.o
UART_IRQHandler                                   bin/board.o
                                                  bin/startup_LPC11xx.o
WAKEUP_IRQHandler                                 bin/startup_LPC11xx.o
WDT_IRQHandler                                    bin/startup_LPC11xx.o
ZeroTxBuf                                         bin/lc1024.o
__StackLimit                                      bin/startup_LPC11xx.o
__StackTop                                        bin/startup_LPC11xx.o
__aeabi_cdcmpeq                                   /usr/local/Cellar/gcc-arm-none-eabi/20160928/bin/../lib/gcc/arm-none-eabi/5.4.1/armv6-m/libgcc.a(_arm_cmpdf2.o)
__aeabi_cdcmple                                   /usr/local/Cellar/gcc-arm-none-eabi/20160928/bin/../lib/gcc/arm-none-eabi/5.4.1/armv6-m/libgcc.a(_arm_cmpdf2.o)
__aeabi_cdrcmple                                  /usr/local/Cellar/gcc-arm-none-eabi/20160928/bin/../lib/gcc/arm-none-eabi/5.4.1/armv6-m/libgcc.a(_arm_cmpdf2.o)
__aeabi_d2iz                                      /usr/local/Cellar/gcc-arm-none-eabi/20160928/bin/../lib/gcc/arm-none-eabi/5.4.1/armv6-m/libgcc.a(fixdfsi.o)
                                                  /usr/local/Cellar/gcc-arm-none-eabi/20160928/bin/../lib/gcc/arm-none-eabi/5.4.1/armv6-m/libgcc.a(_fixunsdfsi.o)
__aeabi_d2uiz                                     /usr/local/Cellar/gcc-arm-none-eabi/20160928/bin/../lib/gcc/arm-none-eabi/5.4.1/armv6-m/libgcc.a(_fixunsdfsi.o)
                                                  bin/mcp2515.o
__aeabi_dcmpeq                                    /usr/local/Cellar/gcc-arm-none-eabi/20160928/bin/../lib/gcc/arm-none-eabi/5.4.1/armv6-m/libgcc.a(_arm_cmpdf2.o)
__aeabi_dcmpge                                    /usr/local/Cellar/gcc-arm-none-eabi/20160928/bin/../lib/gcc/arm-none-eabi/5.4.1/armv6-m/libgcc.a(_arm_cmpdf2.o)
                                                  /usr/local/Cellar/gcc-arm-none-eabi/20160928/bin/../lib/gcc/arm-none-eabi/5.4.1/armv6-m/libgcc.a(_fixunsdfsi.o)
__aeabi_dcmpgt                                    /usr/local/Cellar/gcc-arm-none-eabi/20160928/bin/../lib/gcc/arm-none-eabi/5.4.1/armv6-m/libgcc.a(_arm_cmpdf2.o)
__aeabi_dcmple                                    /usr/local/Cellar/gcc-arm-none-eabi/20160928/bin/../lib/gcc/arm-none-eabi/5.4.1/armv6-m/libgcc.a(_arm_cmpdf2.o)
__aeabi_dcmplt                                    /usr/local/Cellar/gcc-arm-none-eabi/20160928/bin/../lib/gcc/arm-none-eabi/5.4.1/armv6-m/libgcc.a(_arm_cmpdf2.o)
__aeabi_dmul                                      /usr/local/Cellar/gcc-arm-none-eabi/20160928/bin/../lib/gcc/arm-none-eabi/5.4.1/armv6-m/libgcc.a(muldf3.o)
                                                  bin/mcp2515.o
__aeabi_dsub                                      /usr/local/Cellar/gcc-arm-none-eabi/20160928/bin/../lib/gcc/arm-none-eabi/5.4.1/armv6-m/libgcc.a(subdf3.o)
                                                  /usr/local/Cellar/gcc-arm-none-eabi/20160928/bin/../lib/gcc/arm-none-eabi/5.4.1/armv6-m/libgcc.a(_fixunsdfsi.o)
__aeabi_i2d                                       /usr/local/Cellar/gcc-arm-none-eabi/20160928/bin/../lib/gcc/arm-none-eabi/5.4.1/armv6-m/libgcc.a(floatsidf.o)
                                                  bin/mcp2515.o
__aeabi_idiv0                                     /usr/local/Cellar/gcc-arm-none-eabi/20160928/bin/../lib/gcc/arm-none-eabi/5.4.1/armv6-m/libgcc.a(_dvmd_tls.o)
                                                  /usr/local/Cellar/gcc-arm-none-eabi/20160928/bin/../lib/gcc/arm-none-eabi/5.4.1/armv6-m/libgcc.a(_udivsi3.o)
__aeabi_ldiv0                                     /usr/local/Cellar/gcc-arm-none-eabi/20160928/bin/../lib/gcc/arm-none-eabi/5.4.1/armv6-m/libgcc.a(_dvmd_tls.o)
                                                  /usr/local/Cellar/gcc-arm-none-eabi/20160928/bin/../lib/gcc/arm-none-eabi/5.4.1/armv6-m/libgcc.a(_aeabi_uldivmod.o)
__aeabi_uidiv                                     /usr/local/Cellar/gcc-arm-none-eabi/20160928/bin/../lib/gcc/arm-none-eabi/5.4.1/armv6-m/libgcc.a(_udivsi3.o)
                                                  /usr/local/Cellar/gcc-arm-none-eabi/20160928/bin/../lib/gcc/arm-none-eabi/5.4.1/../../../../arm-none-eabi/lib/armv6-m/libg.a(lib_a-utoa.o)
                                                  bin/mcp2515.o
                                                  bin/ltc6804.o
                                                  bin/can.o
                                                  bin/brusa.o
                                                  bin/uart_11xx.o
                                                  bin/ssp_11xx.o
                                                  bin/i2c_11xx.o
                                                  bin/clock_11xx.o
                                                  bin/adc_11xx.o
                                                  bin/microrl.o
                                                  bin/board.o
__aeabi_uidivmod                                  /usr/local/Cellar/gcc-arm-none-eabi/20160928/bin/../lib/gcc/arm-none-eabi/5.4.1/armv6-m/libgcc.a(_udivsi3.o)
                                                  /usr/local/Cellar/gcc-arm-none-eabi/20160928/bin/../lib/gcc/arm-none-eabi/5.4.1/../../../../arm-none-eabi/lib/armv6-m/libg.a(lib_a-utoa.o)
                                                  bin/uart_11xx.o
                                                  bin/ring_buffer.o
                                                  bin/microrl.o
__aeabi_uldivmod                                  /usr/local/Cellar/gcc-arm-none-eabi/20160928/bin/../lib/gcc/arm-none-eabi/5.4.1/armv6-m/libgcc.a(_aeabi_uldivmod.o)
                                                  bin/mcp2515.o
__bss_end__                                       bin/startup_LPC11xx.o
__bss_start__                                     bin/startup_LPC11xx.o
__clzdi2                                          /usr/local/Cellar/gcc-arm-none-eabi/20160928/bin/../lib/gcc/arm-none-eabi/5.4.1/armv6-m/libgcc.a(_clzdi2.o)
                                                  /usr/local/Cellar/gcc-arm-none-eabi/20160928/bin/../lib/gcc/arm-none-eabi/5.4.1/armv6-m/libgcc.a(_udivmoddi4.o)
__clzsi2                                          /usr/local/Cellar/gcc-arm-none-eabi/20160928/bin/../lib/gcc/arm-none-eabi/5.4.1/armv6-m/libgcc.a(_clzsi2.o)
                                                  /usr/local/Cellar/gcc-arm-none-eabi/20160928/bin/../lib/gcc/arm-none-eabi/5.4.1/armv6-m/libgcc.a(_clzdi2.o)
                                                  /usr/local/Cellar/gcc-arm-none-eabi/20160928/bin/../lib/gcc/arm-none-eabi/5.4.1/armv6-m/libgcc.a(floatsidf.o)
                                                  /usr/local/Cellar/gcc-arm-none-eabi/20160928/bin/../lib/gcc/arm-none-eabi/5.4.1/armv6-m/libgcc.a(subdf3.o)
                                                  /usr/local/Cellar/gcc-arm-none-eabi/20160928/bin/../lib/gcc/arm-none-eabi/5.4.1/armv6-m/libgcc.a(muldf3.o)
__eqdf2                                           /usr/local/Cellar/gcc-arm-none-eabi/20160928/bin/../lib/gcc/arm-none-eabi/5.4.1/armv6-m/libgcc.a(eqdf2.o)
                                                  /usr/local/Cellar/gcc-arm-none-eabi/20160928/bin/../lib/gcc/arm-none-eabi/5.4.1/armv6-m/libgcc.a(_arm_cmpdf2.o)
__fixunsdfsi                                      /usr/local/Cellar/gcc-arm-none-eabi/20160928/bin/../lib/gcc/arm-none-eabi/5.4.1/armv6-m/libgcc.a(_fixunsdfsi.o)
__gedf2                                           /usr/local/Cellar/gcc-arm-none-eabi/20160928/bin/../lib/gcc/arm-none-eabi/5.4.1/armv6-m/libgcc.a(gedf2.o)
                                                  /usr/local/Cellar/gcc-arm-none-eabi/20160928/bin/../lib/gcc/arm-none-eabi/5.4.1/armv6-m/libgcc.a(_arm_cmpdf2.o)
__gtdf2                                           /usr/local/Cellar/gcc-arm-none-eabi/20160928/bin/../lib/gcc/arm-none-eabi/5.4.1/armv6-m/libgcc.a(gedf2.o)
__isr_vector                                      bin/startup_LPC11xx.o
__itoa                                            /usr/local/Cellar/gcc-arm-none-eabi/20160928/bin/../lib/gcc/arm-none-eabi/5.4.1/../../../../arm-none-eabi/lib/armv6-m/libg.a(lib_a-itoa.o)
__ledf2                                           /usr/local/Cellar/gcc-arm-none-eabi/20160928/bin/../lib/gcc/arm-none-eabi/5.4.1/armv6-m/libgcc.a(ledf2.o)
                                                  /usr/local/Cellar/gcc-arm-none-eabi/20160928/bin/../lib/gcc/arm-none-eabi/5.4.1/armv6-m/libgcc.a(_arm_cmpdf2.o)
__ltdf2                                           /usr/local/Cellar/gcc-arm-none-eabi/20160928/bin/../lib/gcc/arm-none-eabi/5.4.1/armv6-m/libgcc.a(ledf2.o)
__nedf2                                           /usr/local/Cellar/gcc-arm-none-eabi/20160928/bin/../lib/gcc/arm-none-eabi/5.4.1/armv6-m/libgcc.a(eqdf2.o)
__reverse                                         bin/util.o
__udivmoddi4                                      /usr/local/Cellar/gcc-arm-none-eabi/20160928/bin/../lib/gcc/arm-none-eabi/5.4.1/armv6-m/libgcc.a(_udivmoddi4.o)
                                                  /usr/local/Cellar/gcc-arm-none-eabi/20160928/bin/../lib/gcc/arm-none-eabi/5.4.1/armv6-m/libgcc.a(_aeabi_uldivmod.o)
__udivsi3                                         /usr/local/Cellar/gcc-arm-none-eabi/20160928/bin/../lib/gcc/arm-none-eabi/5.4.1/armv6-m/libgcc.a(_udivsi3.o)
__utoa                                            /usr/local/Cellar/gcc-arm-none-eabi/20160928/bin/../lib/gcc/arm-none-eabi/5.4.1/../../../../arm-none-eabi/lib/armv6-m/libg.a(lib_a-utoa.o)
                                                  /usr/local/Cellar/gcc-arm-none-eabi/20160928/bin/../lib/gcc/arm-none-eabi/5.4.1/../../../../arm-none-eabi/lib/armv6-m/libg.a(lib_a-itoa.o)
_calculate_pec                                    bin/ltc6804.o
_check_owt                                        bin/ltc6804.o
_check_st_results                                 bin/ltc6804.o
_command                                          bin/ltc6804.o
_cs_gpio                                          bin/mcp2515.o
_cs_pin                                           bin/mcp2515.o
_int_gpio                                         bin/mcp2515.o
_int_pin                                          bin/mcp2515.o
_read                                             bin/ltc6804.o
_rx_buffer                                        bin/can.o
_set_balance_states                               bin/ltc6804.o
_set_output                                       bin/charge.o
_tx_buffer                                        bin/can.o
_wake                                             bin/ltc6804.o
_write                                            bin/ltc6804.o
console_init                                      bin/console.o
                                                  bin/main.o
data_transfer                                     bin/Can_Library.o
divu10                                            bin/ltc6804.o
executerl                                         bin/console.o
                                                  bin/main.o
from_bitstring                                    bin/Can_Library.o
getSlaveIndex                                     bin/i2c_11xx.o
handleMasterXferState                             bin/i2c_11xx.o
handleSlaveXferState                              bin/i2c_11xx.o
handle_can_error                                  bin/board.o
itoa                                              /usr/local/Cellar/gcc-arm-none-eabi/20160928/bin/../lib/gcc/arm-none-eabi/5.4.1/../../../../arm-none-eabi/lib/armv6-m/libg.a(lib_a-itoa.o)
                                                  bin/board.o
main                                              bin/main.o
                                                  bin/startup_LPC11xx.o
memcpy                                            /usr/local/Cellar/gcc-arm-none-eabi/20160928/bin/../lib/gcc/arm-none-eabi/5.4.1/../../../../arm-none-eabi/lib/armv6-m/libg.a(lib_a-memcpy-stub.o)
                                                  bin/ltc6804.o
                                                  bin/lc1024.o
                                                  bin/ring_buffer.o
                                                  bin/microrl.o
memmove                                           /usr/local/Cellar/gcc-arm-none-eabi/20160928/bin/../lib/gcc/arm-none-eabi/5.4.1/../../../../arm-none-eabi/lib/armv6-m/libg.a(lib_a-memmove.o)
                                                  bin/microrl.o
memset                                            /usr/local/Cellar/gcc-arm-none-eabi/20160928/bin/../lib/gcc/arm-none-eabi/5.4.1/../../../../arm-none-eabi/lib/armv6-m/libg.a(lib_a-memset.o)
                                                  bin/ltc6804.o
                                                  bin/microrl.o
                                                  bin/main.o
microrl_init                                      bin/microrl.o
                                                  bin/main.o
microrl_insert_char                               bin/microrl.o
                                                  bin/main.o
microrl_set_complete_callback                     bin/microrl.o
microrl_set_execute_callback                      bin/microrl.o
                                                  bin/main.o
msTicks                                           bin/ssm.o
                                                  bin/main.o
                                                  bin/charge.o
                                                  bin/board.o
msg_obj                                           bin/can.o
my_atou                                           bin/console.o
new_line_handler                                  bin/microrl.o
prompt_default                                    bin/microrl.o
readAdcVal                                        bin/adc_11xx.o
setStartMode                                      bin/adc_11xx.o
strcmp                                            /usr/local/Cellar/gcc-arm-none-eabi/20160928/bin/../lib/gcc/arm-none-eabi/5.4.1/../../../../arm-none-eabi/lib/armv6-m/libg.a(lib_a-strcmp.o)
                                                  bin/console.o
strlen                                            /usr/local/Cellar/gcc-arm-none-eabi/20160928/bin/../lib/gcc/arm-none-eabi/5.4.1/../../../../arm-none-eabi/lib/armv6-m/libg.a(lib_a-strlen-stub.o)
                                                  bin/board.o
swap_int16                                        bin/Can_Library.o
swap_int32                                        bin/Can_Library.o
swap_uint16                                       bin/Can_Library.o
swap_uint32                                       bin/Can_Library.o
tmp_msg_obj                                       bin/can.o
tmp_msg_obj_2                                     bin/can.o
to_bitstring                                      bin/Can_Library.o
utoa                                              /usr/local/Cellar/gcc-arm-none-eabi/20160928/bin/../lib/gcc/arm-none-eabi/5.4.1/../../../../arm-none-eabi/lib/armv6-m/libg.a(lib_a-utoa.o)
                                                  bin/console.o
