Archive member included to satisfy reference by file (symbol)

/usr/local/Cellar/gcc-arm-none-eabi/20160928/bin/../lib/gcc/arm-none-eabi/5.4.1/armv6-m/libgcc.a(_udivsi3.o)
                              bin/board.o (__aeabi_uidiv)
/usr/local/Cellar/gcc-arm-none-eabi/20160928/bin/../lib/gcc/arm-none-eabi/5.4.1/armv6-m/libgcc.a(_dvmd_tls.o)
                              /usr/local/Cellar/gcc-arm-none-eabi/20160928/bin/../lib/gcc/arm-none-eabi/5.4.1/armv6-m/libgcc.a(_udivsi3.o) (__aeabi_idiv0)
/usr/local/Cellar/gcc-arm-none-eabi/20160928/bin/../lib/gcc/arm-none-eabi/5.4.1/armv6-m/libgcc.a(_aeabi_uldivmod.o)
                              bin/mcp2515.o (__aeabi_uldivmod)
/usr/local/Cellar/gcc-arm-none-eabi/20160928/bin/../lib/gcc/arm-none-eabi/5.4.1/armv6-m/libgcc.a(_fixunsdfsi.o)
                              bin/mcp2515.o (__aeabi_d2uiz)
/usr/local/Cellar/gcc-arm-none-eabi/20160928/bin/../lib/gcc/arm-none-eabi/5.4.1/armv6-m/libgcc.a(_udivmoddi4.o)
                              /usr/local/Cellar/gcc-arm-none-eabi/20160928/bin/../lib/gcc/arm-none-eabi/5.4.1/armv6-m/libgcc.a(_aeabi_uldivmod.o) (__udivmoddi4)
/usr/local/Cellar/gcc-arm-none-eabi/20160928/bin/../lib/gcc/arm-none-eabi/5.4.1/armv6-m/libgcc.a(muldf3.o)
                              bin/mcp2515.o (__aeabi_dmul)
/usr/local/Cellar/gcc-arm-none-eabi/20160928/bin/../lib/gcc/arm-none-eabi/5.4.1/armv6-m/libgcc.a(subdf3.o)
                              /usr/local/Cellar/gcc-arm-none-eabi/20160928/bin/../lib/gcc/arm-none-eabi/5.4.1/armv6-m/libgcc.a(_fixunsdfsi.o) (__aeabi_dsub)
/usr/local/Cellar/gcc-arm-none-eabi/20160928/bin/../lib/gcc/arm-none-eabi/5.4.1/armv6-m/libgcc.a(fixdfsi.o)
                              /usr/local/Cellar/gcc-arm-none-eabi/20160928/bin/../lib/gcc/arm-none-eabi/5.4.1/armv6-m/libgcc.a(_fixunsdfsi.o) (__aeabi_d2iz)
/usr/local/Cellar/gcc-arm-none-eabi/20160928/bin/../lib/gcc/arm-none-eabi/5.4.1/armv6-m/libgcc.a(floatsidf.o)
                              bin/mcp2515.o (__aeabi_i2d)
/usr/local/Cellar/gcc-arm-none-eabi/20160928/bin/../lib/gcc/arm-none-eabi/5.4.1/armv6-m/libgcc.a(_arm_cmpdf2.o)
                              /usr/local/Cellar/gcc-arm-none-eabi/20160928/bin/../lib/gcc/arm-none-eabi/5.4.1/armv6-m/libgcc.a(_fixunsdfsi.o) (__aeabi_dcmpge)
/usr/local/Cellar/gcc-arm-none-eabi/20160928/bin/../lib/gcc/arm-none-eabi/5.4.1/armv6-m/libgcc.a(_clzsi2.o)
                              /usr/local/Cellar/gcc-arm-none-eabi/20160928/bin/../lib/gcc/arm-none-eabi/5.4.1/armv6-m/libgcc.a(muldf3.o) (__clzsi2)
/usr/local/Cellar/gcc-arm-none-eabi/20160928/bin/../lib/gcc/arm-none-eabi/5.4.1/armv6-m/libgcc.a(_clzdi2.o)
                              /usr/local/Cellar/gcc-arm-none-eabi/20160928/bin/../lib/gcc/arm-none-eabi/5.4.1/armv6-m/libgcc.a(_udivmoddi4.o) (__clzdi2)
/usr/local/Cellar/gcc-arm-none-eabi/20160928/bin/../lib/gcc/arm-none-eabi/5.4.1/armv6-m/libgcc.a(eqdf2.o)
                              /usr/local/Cellar/gcc-arm-none-eabi/20160928/bin/../lib/gcc/arm-none-eabi/5.4.1/armv6-m/libgcc.a(_arm_cmpdf2.o) (__eqdf2)
/usr/local/Cellar/gcc-arm-none-eabi/20160928/bin/../lib/gcc/arm-none-eabi/5.4.1/armv6-m/libgcc.a(gedf2.o)
                              /usr/local/Cellar/gcc-arm-none-eabi/20160928/bin/../lib/gcc/arm-none-eabi/5.4.1/armv6-m/libgcc.a(_arm_cmpdf2.o) (__gedf2)
/usr/local/Cellar/gcc-arm-none-eabi/20160928/bin/../lib/gcc/arm-none-eabi/5.4.1/armv6-m/libgcc.a(ledf2.o)
                              /usr/local/Cellar/gcc-arm-none-eabi/20160928/bin/../lib/gcc/arm-none-eabi/5.4.1/armv6-m/libgcc.a(_arm_cmpdf2.o) (__ledf2)
/usr/local/Cellar/gcc-arm-none-eabi/20160928/bin/../lib/gcc/arm-none-eabi/5.4.1/../../../../arm-none-eabi/lib/armv6-m/libg.a(lib_a-itoa.o)
                              bin/board.o (itoa)
/usr/local/Cellar/gcc-arm-none-eabi/20160928/bin/../lib/gcc/arm-none-eabi/5.4.1/../../../../arm-none-eabi/lib/armv6-m/libg.a(lib_a-memcpy-stub.o)
                              bin/ring_buffer.o (memcpy)
/usr/local/Cellar/gcc-arm-none-eabi/20160928/bin/../lib/gcc/arm-none-eabi/5.4.1/../../../../arm-none-eabi/lib/armv6-m/libg.a(lib_a-memset.o)
                              bin/main.o (memset)
/usr/local/Cellar/gcc-arm-none-eabi/20160928/bin/../lib/gcc/arm-none-eabi/5.4.1/../../../../arm-none-eabi/lib/armv6-m/libg.a(lib_a-strlen-stub.o)
                              bin/board.o (strlen)
/usr/local/Cellar/gcc-arm-none-eabi/20160928/bin/../lib/gcc/arm-none-eabi/5.4.1/../../../../arm-none-eabi/lib/armv6-m/libg.a(lib_a-utoa.o)
                              /usr/local/Cellar/gcc-arm-none-eabi/20160928/bin/../lib/gcc/arm-none-eabi/5.4.1/../../../../arm-none-eabi/lib/armv6-m/libg.a(lib_a-itoa.o) (__utoa)

Allocating common symbols
Common symbol       size              file

SystemCoreClock     0x4               bin/sysinit.o
tmp_msg_obj         0x18              bin/can.o
_int_pin            0x1               bin/mcp2515.o
_tx_buffer          0x180             bin/can.o
_rx_buffer          0x180             bin/can.o
[...]
Memory Configuration

Name             Origin             Length             Attributes
FLASH            0x0000000000000000 0x0000000000008000 xr
RAM              0x0000000010000100 0x0000000000001f00 xrw
*default*        0x0000000000000000 0xffffffffffffffff

Linker script and memory map

LOAD bin/startup_LPC11xx.o
LOAD bin/board.o
LOAD bin/charge.o
LOAD bin/main.o
LOAD bin/pins.o
LOAD bin/ssm.o
LOAD bin/sysinit.o
LOAD bin/adc_1125.o
LOAD bin/adc_11xx.o
LOAD bin/chip_11xx.o
LOAD bin/clock_11xx.o
LOAD bin/gpio_11xx_1.o
LOAD bin/gpio_11xx_2.o
LOAD bin/gpiogroup_11xx.o
LOAD bin/i2c_11xx.o
LOAD bin/iocon_11xx.o
LOAD bin/pinint_11xx.o
LOAD bin/pmu_11xx.o
LOAD bin/ring_buffer.o
LOAD bin/ssp_11xx.o
LOAD bin/sysctl_11xx.o
LOAD bin/sysinit_11xx.o
LOAD bin/timer_11xx.o
LOAD bin/uart_11xx.o
LOAD bin/wwdt_11xx.o
LOAD bin/a123mbb.o
LOAD bin/brusa.o
LOAD bin/can.o
LOAD bin/lc1024.o
LOAD bin/ltc6804.o
LOAD bin/mcp2515.o
LOAD bin/util.o
LOAD bin/Can_Library.o
START GROUP
LOAD /usr/local/Cellar/gcc-arm-none-eabi/20160928/bin/../lib/gcc/arm-none-eabi/5.4.1/armv6-m/libgcc.a
LOAD /usr/local/Cellar/gcc-arm-none-eabi/20160928/bin/../lib/gcc/arm-none-eabi/5.4.1/../../../../arm-none-eabi/lib/armv6-m/libg.a
LOAD /usr/local/Cellar/gcc-arm-none-eabi/20160928/bin/../lib/gcc/arm-none-eabi/5.4.1/../../../../arm-none-eabi/lib/armv6-m/libc.a
END GROUP

.text           0x0000000000000000     0x1864
 *(.isr_vector)
 .isr_vector    0x0000000000000000       0xe0 bin/startup_LPC11xx.o
                0x0000000000000000                __isr_vector
                0x00000000000000c0                Reset_Handler
 *(.text*)
 .text          0x00000000000000e0        0xc bin/startup_LPC11xx.o
                0x00000000000000e0                NMI_Handler
                0x00000000000000e2                HardFault_Handler
                0x00000000000000e4                SVC_Handler
                0x00000000000000e6                PendSV_Handler
                0x00000000000000ea                SSP0_IRQHandler
                0x00000000000000ea                TIMER16_1_IRQHandler
                0x00000000000000ea                Default_Handler
                0x00000000000000ea                ADC_IRQHandler
                0x00000000000000ea                SSP1_IRQHandler
                0x00000000000000ea                PIOINT2_IRQHandler
                0x00000000000000ea                BOD_IRQHandler
                0x00000000000000ea                WAKEUP_IRQHandler
                0x00000000000000ea                PIOINT0_IRQHandler
                0x00000000000000ea                I2C_IRQHandler
                0x00000000000000ea                WDT_IRQHandler
                0x00000000000000ea                TIMER16_0_IRQHandler
                0x00000000000000ea                PIOINT3_IRQHandler
                0x00000000000000ea                TIMER32_0_IRQHandler
                0x00000000000000ea                TIMER32_1_IRQHandler
                0x00000000000000ea                PIOINT1_IRQHandler
 .text.handle_can_error.part.1
                0x00000000000000ec       0x1c bin/board.o
 .text.UART_IRQHandler
                0x0000000000000108       0x1c bin/board.o
                0x0000000000000108                UART_IRQHandler
 .text.SysTick_Handler
                0x0000000000000124       0x10 bin/board.o
                0x0000000000000124                SysTick_Handler
 .text.Board_Chip_Init
                0x0000000000000134       0x3c bin/board.o
                0x0000000000000134                Board_Chip_Init
 .text.Board_Can_Init
                0x0000000000000170        0x8 bin/board.o
                0x0000000000000170                Board_Can_Init
 .text.Board_UART_Init
                0x0000000000000178       0x84 bin/board.o
                0x0000000000000178                Board_UART_Init
 .text.Board_Can_ProcessInput
                0x00000000000001fc       0xb4 bin/board.o
                0x00000000000001fc                Board_Can_ProcessInput
 .text.Send_Elcon_Command
                0x00000000000002b0       0x44 bin/board.o
                0x00000000000002b0                Send_Elcon_Command
 .text.Send_Bms_Switch
                0x00000000000002f4       0x38 bin/board.o
                0x00000000000002f4                Send_Bms_Switch
 .text.Send_Bms_Mode
                0x000000000000032c       0x54 bin/board.o
                0x000000000000032c                Send_Bms_Mode
 .text.Board_Can_ProcessOutput
                0x0000000000000380       0x9c bin/board.o
                0x0000000000000380                Board_Can_ProcessOutput
 .text.Board_Contactors_Closed
                0x000000000000041c        0x8 bin/board.o
                0x000000000000041c                Board_Contactors_Closed
 .text.Board_GetModeRequest
                0x0000000000000424        0x4 bin/board.o
                0x0000000000000424                Board_GetModeRequest
 .text.Board_Contactors_Set
                0x0000000000000428        0x8 bin/board.o
                0x0000000000000428                Board_Contactors_Set
 .text.Board_Check_Faults
                0x0000000000000430       0x20 bin/board.o
                0x0000000000000430                Board_Check_Faults
 .text.Charge_Init
                0x0000000000000450       0x54 bin/charge.o
                0x0000000000000450                Charge_Init
 .text.Charge_Step
                0x00000000000004a4      0x1c8 bin/charge.o
                0x00000000000004a4                Charge_Step
 .text.Init_Structs
                0x000000000000066c       0xb4 bin/main.o
                0x000000000000066c                Init_Structs
 .text.Process_Input
                0x0000000000000720       0x24 bin/main.o
                0x0000000000000720                Process_Input
 .text.startup.main
                0x0000000000000744       0xa8 bin/main.o
                0x0000000000000744                main
 .text.Board_GPIO_Init
                0x00000000000007ec      0x234 bin/pins.o
                0x00000000000007ec                Board_GPIO_Init
 .text.Low_Side_Contactor_Pin_Get
                0x0000000000000a20       0x10 bin/pins.o
                0x0000000000000a20                Low_Side_Contactor_Pin_Get
 .text.High_Side_Contactor_Pin_Set
                0x0000000000000a30        0xc bin/pins.o
                0x0000000000000a30                High_Side_Contactor_Pin_Set
 .text.IMD_Pin_Get
                0x0000000000000a3c       0x10 bin/pins.o
                0x0000000000000a3c                IMD_Pin_Get
 .text.BMS_Pin_Get
                0x0000000000000a4c       0x14 bin/pins.o
                0x0000000000000a4c                BMS_Pin_Get
 .text.Interlock_Pin_Get
                0x0000000000000a60       0x14 bin/pins.o
                0x0000000000000a60                Interlock_Pin_Get
 .text.SSM_Init
                0x0000000000000a74       0x14 bin/ssm.o
                0x0000000000000a74                SSM_Init
 .text.Init_Step
                0x0000000000000a88       0x98 bin/ssm.o
                0x0000000000000a88                Init_Step
 .text.Is_Valid_Jump
                0x0000000000000b20       0x3c bin/ssm.o
                0x0000000000000b20                Is_Valid_Jump
 .text.SSM_Step
                0x0000000000000b5c       0x64 bin/ssm.o
                0x0000000000000b5c                SSM_Step
 .text.SystemInit
                0x0000000000000bc0       0x7c bin/sysinit.o
                0x0000000000000bc0                SystemInit
 .text.Chip_Clock_GetMainClockRate
                0x0000000000000c3c       0x84 bin/clock_11xx.o
                0x0000000000000c3c                Chip_Clock_GetMainClockRate
 .text.Chip_GPIO_Init
                0x0000000000000cc0       0x14 bin/gpio_11xx_2.o
                0x0000000000000cc0                Chip_GPIO_Init
 .text.RingBuffer_Init
                0x0000000000000cd4       0x10 bin/ring_buffer.o
                0x0000000000000cd4                RingBuffer_Init
 .text.RingBuffer_Insert
                0x0000000000000ce4       0x34 bin/ring_buffer.o
                0x0000000000000ce4                RingBuffer_Insert
 .text.RingBuffer_Pop
                0x0000000000000d18       0x34 bin/ring_buffer.o
                0x0000000000000d18                RingBuffer_Pop
 .text.Chip_UART_Init
                0x0000000000000d4c       0x28 bin/uart_11xx.o
                0x0000000000000d4c                Chip_UART_Init
 .text.Chip_UART_TXIntHandlerRB
                0x0000000000000d74       0x30 bin/uart_11xx.o
                0x0000000000000d74                Chip_UART_TXIntHandlerRB
 .text.Chip_UART_IRQRBHandler
                0x0000000000000da4       0x4c bin/uart_11xx.o
                0x0000000000000da4                Chip_UART_IRQRBHandler
 .text.Chip_UART_SetBaudFDR
                0x0000000000000df0       0x9c bin/uart_11xx.o
                0x0000000000000df0                Chip_UART_SetBaudFDR
 .text.CAN_error
                0x0000000000000e8c       0x14 bin/can.o
                0x0000000000000e8c                CAN_error
 .text.CAN_rx   0x0000000000000ea0       0x44 bin/can.o
                0x0000000000000ea0                CAN_rx
 .text.CAN_tx   0x0000000000000ee4       0x58 bin/can.o
                0x0000000000000ee4                CAN_tx
 .text.Baudrate_Calculate
                0x0000000000000f3c       0x94 bin/can.o
                0x0000000000000f3c                Baudrate_Calculate
 .text.CAN_ResetPeripheral
                0x0000000000000fd0       0x28 bin/can.o
                0x0000000000000fd0                CAN_ResetPeripheral
 .text.Convert_To_CAN_Error
                0x0000000000000ff8       0x4c bin/can.o
                0x0000000000000ff8                Convert_To_CAN_Error
 .text.CAN_IRQHandler
                0x0000000000001044       0x14 bin/can.o
                0x0000000000001044                CAN_IRQHandler
 .text.CAN_SetMask1
                0x0000000000001058       0x40 bin/can.o
                0x0000000000001058                CAN_SetMask1
 .text.CAN_SetMask2
                0x0000000000001098       0x30 bin/can.o
                0x0000000000001098                CAN_SetMask2
 .text.CAN_Init
                0x00000000000010c8       0xb0 bin/can.o
                0x00000000000010c8                CAN_Init
 .text.CAN_Receive
                0x0000000000001178       0x34 bin/can.o
                0x0000000000001178                CAN_Receive
 .text.CAN_TransmitMsgObj
                0x00000000000011ac       0x70 bin/can.o
                0x00000000000011ac                CAN_TransmitMsgObj
 .text.CAN_Transmit
                0x000000000000121c       0x28 bin/can.o
                0x000000000000121c                CAN_Transmit
 .text.Can_RawRead
                0x0000000000001244       0x38 bin/Can_Library.o
                0x0000000000001244                Can_RawRead
 .text.Can_Unknown_Read
                0x000000000000127c       0x38 bin/Can_Library.o
                0x000000000000127c                Can_Unknown_Read
 .text.Can_Error_Read
                0x00000000000012b4       0x10 bin/Can_Library.o
                0x00000000000012b4                Can_Error_Read
 .text.Can0_Csb_Init
                0x00000000000012c4       0x20 bin/Can_Library.o
                0x00000000000012c4                Can0_Csb_Init
 .text.Can_MsgType
                0x00000000000012e4       0xe8 bin/Can_Library.o
                0x00000000000012e4                Can_MsgType
 .text.Can_ElconHeartbeat_FromCan
                0x00000000000013cc       0x64 bin/Can_Library.o
                0x00000000000013cc                Can_ElconHeartbeat_FromCan
 .text.Can_BmsPackStatus_FromCan
                0x0000000000001430       0x58 bin/Can_Library.o
                0x0000000000001430                Can_BmsPackStatus_FromCan
 .text.Can_BMS_CSB_Switch_Write
                0x0000000000001488       0x3c bin/Can_Library.o
                0x0000000000001488                Can_BMS_CSB_Switch_Write
 .text.Can_ElconHeartbeat_Read
                0x00000000000014c4       0x24 bin/Can_Library.o
                0x00000000000014c4                Can_ElconHeartbeat_Read
 .text.Can_BMS_Mode_Write
                0x00000000000014e8       0x3c bin/Can_Library.o
                0x00000000000014e8                Can_BMS_Mode_Write
 .text.Can_BmsPackStatus_Read
                0x0000000000001524       0x24 bin/Can_Library.o
                0x0000000000001524                Can_BmsPackStatus_Read
 .text.Can_ElconCommand_Write
                0x0000000000001548       0x48 bin/Can_Library.o
                0x0000000000001548                Can_ElconCommand_Write
 .text          0x0000000000001590      0x114 /usr/local/Cellar/gcc-arm-none-eabi/20160928/bin/../lib/gcc/arm-none-eabi/5.4.1/armv6-m/libgcc.a(_udivsi3.o)
                0x0000000000001590                __udivsi3
                0x0000000000001590                __aeabi_uidiv
                0x000000000000169c                __aeabi_uidivmod
 .text          0x00000000000016a4        0x4 /usr/local/Cellar/gcc-arm-none-eabi/20160928/bin/../lib/gcc/arm-none-eabi/5.4.1/armv6-m/libgcc.a(_dvmd_tls.o)
                0x00000000000016a4                __aeabi_ldiv0
                0x00000000000016a4                __aeabi_idiv0
 .text.memcpy   0x00000000000016a8       0x7c /usr/local/Cellar/gcc-arm-none-eabi/20160928/bin/../lib/gcc/arm-none-eabi/5.4.1/../../../../arm-none-eabi/lib/armv6-m/libg.a(lib_a-memcpy-stub.o)
                0x00000000000016a8                memcpy
 .text.memset   0x0000000000001724       0x8c /usr/local/Cellar/gcc-arm-none-eabi/20160928/bin/../lib/gcc/arm-none-eabi/5.4.1/../../../../arm-none-eabi/lib/armv6-m/libg.a(lib_a-memset.o)
                0x0000000000001724                memset
 *(.init)
 *(.fini)
 *crtbegin.o(.ctors)
 *crtbegin?.o(.ctors)
 *(EXCLUDE_FILE(*crtend.o *crtend?.o) .ctors)
 *(SORT(.ctors.*))
 *(.ctors)
 *crtbegin.o(.dtors)
 *crtbegin?.o(.dtors)
 *(EXCLUDE_FILE(*crtend.o *crtend?.o) .dtors)
 *(SORT(.dtors.*))
 *(.dtors)
 *(.rodata*)
 .rodata.OscRateIn
                0x00000000000017b0        0x4 bin/board.o
                0x00000000000017b0                OscRateIn
 .rodata.Charge_Step
                0x00000000000017b4       0x1c bin/charge.o
 .rodata.Init_Step
                0x00000000000017d0       0x18 bin/ssm.o
 .rodata.wdtOSCRate
                0x00000000000017e8       0x40 bin/clock_11xx.o
 .rodata.Convert_To_CAN_Error
                0x0000000000001828       0x1c bin/can.o
 .rodata        0x0000000000001844       0x20 bin/can.o
 *(.eh_frame*)

.glue_7         0x0000000000001864        0x0
 .glue_7        0x0000000000001864        0x0 linker stubs

.glue_7t        0x0000000000001864        0x0
 .glue_7t       0x0000000000001864        0x0 linker stubs

.vfp11_veneer   0x0000000000001864        0x0
 .vfp11_veneer  0x0000000000001864        0x0 linker stubs

.v4_bx          0x0000000000001864        0x0
 .v4_bx         0x0000000000001864        0x0 linker stubs

.iplt           0x0000000000001864        0x0
 .iplt          0x0000000000001864        0x0 bin/startup_LPC11xx.o

.ARM.extab
 *(.ARM.extab* .gnu.linkonce.armextab.*)
                0x0000000000001864                __exidx_start = .

.ARM.exidx      0x0000000000001864        0x8
 *(.ARM.exidx* .gnu.linkonce.armexidx.*)
 .ARM.exidx.isr_vector
                0x0000000000001864        0x8 bin/startup_LPC11xx.o
                0x000000000000186c                __exidx_end = .
                0x000000000000186c                __etext = .

.rel.dyn        0x000000000000186c        0x0
 .rel.iplt      0x000000000000186c        0x0 bin/startup_LPC11xx.o

.data           0x0000000010000100        0x4 load address 0x000000000000186c
                0x0000000010000100                __data_start__ = .
 *(vtable)
 *(.data*)
 .data.lastError
                0x0000000010000100        0x1 bin/Can_Library.o
                0x0000000010000104                . = ALIGN (0x4)
 *fill*         0x0000000010000101        0x3 
                [!provide]                        PROVIDE (__preinit_array_start, .)
 *(.preinit_array)
                [!provide]                        PROVIDE (__preinit_array_end, .)
                0x0000000010000104                . = ALIGN (0x4)
                [!provide]                        PROVIDE (__init_array_start, .)
 *(SORT(.init_array.*))
 *(.init_array)
                [!provide]                        PROVIDE (__init_array_end, .)
                0x0000000010000104                . = ALIGN (0x4)
                [!provide]                        PROVIDE (__fini_array_start, .)
 *(SORT(.fini_array.*))
 *(.fini_array)
                [!provide]                        PROVIDE (__fini_array_end, .)
 *(.jcr*)
                0x0000000010000104                . = ALIGN (0x4)
                0x0000000010000104                __data_end__ = .

.igot.plt       0x0000000010000104        0x0 load address 0x0000000000001870
 .igot.plt      0x0000000010000104        0x0 bin/startup_LPC11xx.o

.bss            0x0000000010000108      0x8b0 load address 0x0000000000001878
                0x0000000010000108                . = ALIGN (0x4)
                0x0000000010000108                __bss_start__ = .
 *(.bss*)
 .bss._uart_rx_ring
                0x0000000010000108       0x64 bin/board.o
 .bss.last_csb_elcon_command_time
                0x000000001000016c        0x4 bin/board.o
 .bss.uart_tx_ring
                0x0000000010000170       0x14 bin/board.o
 .bss.last_csb_bms_mode_time
                0x0000000010000184        0x4 bin/board.o
 .bss._uart_tx_ring
                0x0000000010000188       0x64 bin/board.o
 .bss.isResetting
                0x00000000100001ec        0x1 bin/board.o
 *fill*         0x00000000100001ed        0x3 
 .bss.uart_rx_ring
                0x00000000100001f0       0x14 bin/board.o
 .bss.last_csb_bms_switch_time
                0x0000000010000204        0x4 bin/board.o
 .bss.cc_charge_voltage_mV
                0x0000000010000208        0x4 bin/charge.o
 .bss.cv_charge_voltage_mV
                0x000000001000020c        0x4 bin/charge.o
 .bss.last_time_above_cv_min_curr
                0x0000000010000210        0x4 bin/charge.o
 .bss.cc_charge_current_mA
                0x0000000010000214        0x4 bin/charge.o
 .bss.cv_charge_current_mA
                0x0000000010000218        0x4 bin/charge.o
 .bss.balance_waitingoff
                0x000000001000021c       0xb4 bin/main.o
 .bss.pack_config
                0x00000000100002d0       0x30 bin/main.o
 .bss.pack_status
                0x0000000010000300        0xc bin/main.o
 .bss.csb_output
                0x000000001000030c        0xc bin/main.o
 .bss.csb_input
                0x0000000010000318       0x24 bin/main.o
 .bss.balance_timeon
                0x000000001000033c      0x2d0 bin/main.o
 .bss.csb_state
                0x000000001000060c       0x14 bin/main.o
 .bss.tx_buffer
                0x0000000010000620       0x14 bin/can.o
 .bss.rx_buffer
                0x0000000010000634       0x14 bin/can.o
 .bss.can_error_info
                0x0000000010000648        0x4 bin/can.o
 .bss.msg_obj_stat
                0x000000001000064c        0x3 bin/can.o
 .bss.can_error_flag
                0x000000001000064f        0x1 bin/can.o
 .bss.lastMessage
                0x0000000010000650       0x10 bin/Can_Library.o
 *(COMMON)
 COMMON         0x0000000010000660        0x4 bin/main.o
                0x0000000010000660                msTicks
 COMMON         0x0000000010000664        0x8 bin/sysinit.o
                0x0000000010000664                SystemCoreClock
                0x0000000010000668                TicksPerMS
 *fill*         0x000000001000066c        0x4 
 COMMON         0x0000000010000670      0x348 bin/can.o
                0x0000000010000670                tmp_msg_obj
                0x0000000010000688                _tx_buffer
                0x0000000010000808                _rx_buffer
                0x0000000010000988                tmp_msg_obj_2
                0x00000000100009a0                msg_obj
                0x00000000100009b8                . = ALIGN (0x4)
                0x00000000100009b8                __bss_end__ = .

.heap           0x00000000100009b8        0x0
                0x00000000100009b8                __end__ = .
                [!provide]                        PROVIDE (end, .)
 *(.heap*)
                0x00000000100009b8                __HeapLimit = .

.stack_dummy    0x00000000100009b8      0x200
 *(.stack*)
 .stack         0x00000000100009b8      0x200 bin/startup_LPC11xx.o
                0x0000000010002000                __StackTop = (ORIGIN (RAM) + LENGTH (RAM))
                0x0000000010001e00                __StackLimit = (__StackTop - SIZEOF (.stack_dummy))
                [!provide]                        PROVIDE (__stack, __StackTop)
                0x0000000000000001                ASSERT ((__StackLimit >= __HeapLimit), region RAM overflowed with stack)
OUTPUT(bin/charger_shutdown_board_controller.elf elf32-littlearm)

.ARM.attributes
                0x0000000000000000       0x2d
 .ARM.attributes
                0x0000000000000000       0x21 bin/startup_LPC11xx.o
 .ARM.attributes
                0x0000000000000021       0x31 bin/board.o
 .ARM.attributes
                0x0000000000000052       0x31 bin/charge.o
 .ARM.attributes
                0x0000000000000083       0x31 bin/main.o
 .ARM.attributes
                0x00000000000000b4       0x31 bin/pins.o
 .ARM.attributes
                0x00000000000000e5       0x31 bin/ssm.o
 .ARM.attributes
                0x0000000000000116       0x31 bin/sysinit.o
 .ARM.attributes
                0x0000000000000147       0x31 bin/clock_11xx.o
 .ARM.attributes
                0x0000000000000178       0x31 bin/gpio_11xx_2.o
 .ARM.attributes
                0x00000000000001a9       0x31 bin/ring_buffer.o
 .ARM.attributes
                0x00000000000001da       0x31 bin/uart_11xx.o
 .ARM.attributes
                0x000000000000020b       0x31 bin/can.o
 .ARM.attributes
                0x000000000000023c       0x31 bin/Can_Library.o
 .ARM.attributes
                0x000000000000026d       0x1e /usr/local/Cellar/gcc-arm-none-eabi/20160928/bin/../lib/gcc/arm-none-eabi/5.4.1/armv6-m/libgcc.a(_udivsi3.o)
 .ARM.attributes
                0x000000000000028b       0x1e /usr/local/Cellar/gcc-arm-none-eabi/20160928/bin/../lib/gcc/arm-none-eabi/5.4.1/armv6-m/libgcc.a(_dvmd_tls.o)
 .ARM.attributes
                0x00000000000002a9       0x2c /usr/local/Cellar/gcc-arm-none-eabi/20160928/bin/../lib/gcc/arm-none-eabi/5.4.1/../../../../arm-none-eabi/lib/armv6-m/libg.a(lib_a-memcpy-stub.o)
 .ARM.attributes
                0x00000000000002d5       0x2c /usr/local/Cellar/gcc-arm-none-eabi/20160928/bin/../lib/gcc/arm-none-eabi/5.4.1/../../../../arm-none-eabi/lib/armv6-m/libg.a(lib_a-memset.o)

.comment        0x0000000000000000       0x6e
 .comment       0x0000000000000000       0x6e bin/board.o
                                         0x6f (size before relaxing)
 .comment       0x000000000000006e       0x6f bin/charge.o
 .comment       0x000000000000006e       0x6f bin/main.o
 .comment       0x000000000000006e       0x6f bin/pins.o
 .comment       0x000000000000006e       0x6f bin/ssm.o
 .comment       0x000000000000006e       0x6f bin/sysinit.o
 .comment       0x000000000000006e       0x6f bin/clock_11xx.o
 .comment       0x000000000000006e       0x6f bin/gpio_11xx_2.o
 .comment       0x000000000000006e       0x6f bin/ring_buffer.o
 .comment       0x000000000000006e       0x6f bin/uart_11xx.o
 .comment       0x000000000000006e       0x6f bin/can.o
 .comment       0x000000000000006e       0x6f bin/Can_Library.o

.debug_line     0x0000000000000000     0x5081
 .debug_line    0x0000000000000000       0x98 bin/startup_LPC11xx.o
 .debug_line    0x0000000000000098      0x8b6 bin/board.o
 .debug_line    0x000000000000094e      0x3aa bin/charge.o
 .debug_line    0x0000000000000cf8      0x59b bin/main.o
 .debug_line    0x0000000000001293      0x838 bin/pins.o
 .debug_line    0x0000000000001acb      0x35d bin/ssm.o
 .debug_line    0x0000000000001e28      0x3bc bin/sysinit.o
 .debug_line    0x00000000000021e4      0x4d7 bin/clock_11xx.o
 .debug_line    0x00000000000026bb      0x4d3 bin/gpio_11xx_2.o
 .debug_line    0x0000000000002b8e      0x3d3 bin/ring_buffer.o
 .debug_line    0x0000000000002f61      0x6b1 bin/uart_11xx.o
 .debug_line    0x0000000000003612      0x6ac bin/can.o
 .debug_line    0x0000000000003cbe     0x13c3 bin/Can_Library.o

.debug_info     0x0000000000000000     0xe51e
 .debug_info    0x0000000000000000       0xa4 bin/startup_LPC11xx.o
 .debug_info    0x00000000000000a4     0x1c3a bin/board.o
 .debug_info    0x0000000000001cde      0x929 bin/charge.o
 .debug_info    0x0000000000002607      0x8dc bin/main.o
 .debug_info    0x0000000000002ee3     0x1bd2 bin/pins.o
 .debug_info    0x0000000000004ab5      0x70f bin/ssm.o
 .debug_info    0x00000000000051c4      0x526 bin/sysinit.o
 .debug_info    0x00000000000056ea      0x9cc bin/clock_11xx.o
 .debug_info    0x00000000000060b6      0xc89 bin/gpio_11xx_2.o
 .debug_info    0x0000000000006d3f      0x47f bin/ring_buffer.o
 .debug_info    0x00000000000071be     0x1397 bin/uart_11xx.o
 .debug_info    0x0000000000008555     0x185c bin/can.o
 .debug_info    0x0000000000009db1     0x476d bin/Can_Library.o

.debug_abbrev   0x0000000000000000     0x1d4c
 .debug_abbrev  0x0000000000000000       0x12 bin/startup_LPC11xx.o
 .debug_abbrev  0x0000000000000012      0x3c8 bin/board.o
 .debug_abbrev  0x00000000000003da      0x1c4 bin/charge.o
 .debug_abbrev  0x000000000000059e      0x202 bin/main.o
 .debug_abbrev  0x00000000000007a0      0x21d bin/pins.o
 .debug_abbrev  0x00000000000009bd      0x19f bin/ssm.o
 .debug_abbrev  0x0000000000000b5c       0xbf bin/sysinit.o
 .debug_abbrev  0x0000000000000c1b      0x286 bin/clock_11xx.o
 .debug_abbrev  0x0000000000000ea1      0x1ff bin/gpio_11xx_2.o
 .debug_abbrev  0x00000000000010a0      0x179 bin/ring_buffer.o
 .debug_abbrev  0x0000000000001219      0x394 bin/uart_11xx.o
 .debug_abbrev  0x00000000000015ad      0x416 bin/can.o
 .debug_abbrev  0x00000000000019c3      0x389 bin/Can_Library.o

.debug_aranges  0x0000000000000000      0x7a0
 .debug_aranges
                0x0000000000000000       0x28 bin/startup_LPC11xx.o
 .debug_aranges
                0x0000000000000028       0xd8 bin/board.o
 .debug_aranges
                0x0000000000000100       0x38 bin/charge.o
 .debug_aranges
                0x0000000000000138       0x40 bin/main.o
 .debug_aranges
                0x0000000000000178       0xc0 bin/pins.o
 .debug_aranges
                0x0000000000000238       0x40 bin/ssm.o
 .debug_aranges
                0x0000000000000278       0x20 bin/sysinit.o
 .debug_aranges
                0x0000000000000298       0x68 bin/clock_11xx.o
 .debug_aranges
                0x0000000000000300       0x50 bin/gpio_11xx_2.o
 .debug_aranges
                0x0000000000000350       0x40 bin/ring_buffer.o
 .debug_aranges
                0x0000000000000390       0x80 bin/uart_11xx.o
 .debug_aranges
                0x0000000000000410       0xa0 bin/can.o
 .debug_aranges
                0x00000000000004b0      0x2f0 bin/Can_Library.o

.debug_ranges   0x0000000000000000     0x15c0
 .debug_ranges  0x0000000000000000       0x20 bin/startup_LPC11xx.o
 .debug_ranges  0x0000000000000020      0x218 bin/board.o
 .debug_ranges  0x0000000000000238       0x80 bin/charge.o
 .debug_ranges  0x00000000000002b8       0x50 bin/main.o
 .debug_ranges  0x0000000000000308      0x3a0 bin/pins.o
 .debug_ranges  0x00000000000006a8       0x30 bin/ssm.o
 .debug_ranges  0x00000000000006d8       0x10 bin/sysinit.o
 .debug_ranges  0x00000000000006e8       0xc0 bin/clock_11xx.o
 .debug_ranges  0x00000000000007a8       0xe0 bin/gpio_11xx_2.o
 .debug_ranges  0x0000000000000888       0x68 bin/ring_buffer.o
 .debug_ranges  0x00000000000008f0      0x220 bin/uart_11xx.o
 .debug_ranges  0x0000000000000b10      0x130 bin/can.o
 .debug_ranges  0x0000000000000c40      0x980 bin/Can_Library.o

.debug_loc      0x0000000000000000     0x8781
 .debug_loc     0x0000000000000000      0x84c bin/board.o
 .debug_loc     0x000000000000084c      0x32e bin/charge.o
 .debug_loc     0x0000000000000b7a       0xd1 bin/main.o
 .debug_loc     0x0000000000000c4b     0x1ef8 bin/pins.o
 .debug_loc     0x0000000000002b43      0x2f4 bin/ssm.o
 .debug_loc     0x0000000000002e37      0x108 bin/clock_11xx.o
 .debug_loc     0x0000000000002f3f      0x4ec bin/gpio_11xx_2.o
 .debug_loc     0x000000000000342b      0x5a8 bin/ring_buffer.o
 .debug_loc     0x00000000000039d3      0xcbe bin/uart_11xx.o
 .debug_loc     0x0000000000004691      0x5c9 bin/can.o
 .debug_loc     0x0000000000004c5a     0x3b27 bin/Can_Library.o

.debug_macro    0x0000000000000000     0x40cc
 .debug_macro   0x0000000000000000      0x32a bin/board.o
 .debug_macro   0x000000000000032a      0x826 bin/board.o
 .debug_macro   0x0000000000000b50       0x22 bin/board.o
 .debug_macro   0x0000000000000b72       0x87 bin/board.o
 .debug_macro   0x0000000000000bf9       0x44 bin/board.o
 .debug_macro   0x0000000000000c3d       0xfd bin/board.o
 .debug_macro   0x0000000000000d3a       0x5e bin/board.o
 .debug_macro   0x0000000000000d98      0x1df bin/board.o
 .debug_macro   0x0000000000000f77       0x22 bin/board.o
 .debug_macro   0x0000000000000f99       0x73 bin/board.o
 .debug_macro   0x000000000000100c       0x10 bin/board.o
 .debug_macro   0x000000000000101c       0x1f bin/board.o
 .debug_macro   0x000000000000103b       0x3a bin/board.o
 .debug_macro   0x0000000000001075      0x241 bin/board.o
 .debug_macro   0x00000000000012b6      0x11e bin/board.o
 .debug_macro   0x00000000000013d4       0x22 bin/board.o
 .debug_macro   0x00000000000013f6       0xb2 bin/board.o
 .debug_macro   0x00000000000014a8       0x10 bin/board.o
 .debug_macro   0x00000000000014b8      0x137 bin/board.o
 .debug_macro   0x00000000000015ef       0x4c bin/board.o
 .debug_macro   0x000000000000163b       0x16 bin/board.o
 .debug_macro   0x0000000000001651      0x31a bin/board.o
 .debug_macro   0x000000000000196b       0x2e bin/board.o
 .debug_macro   0x0000000000001999       0xb8 bin/board.o
 .debug_macro   0x0000000000001a51       0x11 bin/board.o
 .debug_macro   0x0000000000001a62       0x7c bin/board.o
 .debug_macro   0x0000000000001ade      0x21c bin/board.o
 .debug_macro   0x0000000000001cfa      0x129 bin/board.o
 .debug_macro   0x0000000000001e23       0x16 bin/board.o
 .debug_macro   0x0000000000001e39      0x1c0 bin/board.o
 .debug_macro   0x0000000000001ff9       0xa0 bin/board.o
 .debug_macro   0x0000000000002099       0x52 bin/board.o
 .debug_macro   0x00000000000020eb       0x35 bin/board.o
 .debug_macro   0x0000000000002120       0x9c bin/board.o
 .debug_macro   0x00000000000021bc      0x16d bin/board.o
 .debug_macro   0x0000000000002329       0x52 bin/board.o
 .debug_macro   0x000000000000237b       0x1f bin/board.o
 .debug_macro   0x000000000000239a       0x43 bin/board.o
 .debug_macro   0x00000000000023dd       0x20 bin/board.o
 .debug_macro   0x00000000000023fd      0x187 bin/board.o
 .debug_macro   0x0000000000002584      0x330 bin/board.o
 .debug_macro   0x00000000000028b4       0x10 bin/board.o
 .debug_macro   0x00000000000028c4       0x35 bin/board.o
 .debug_macro   0x00000000000028f9       0x16 bin/board.o
 .debug_macro   0x000000000000290f       0x16 bin/board.o
 .debug_macro   0x0000000000002925       0x29 bin/board.o
 .debug_macro   0x000000000000294e      0x138 bin/charge.o
 .debug_macro   0x0000000000002a86      0x28e bin/main.o
 .debug_macro   0x0000000000002d14       0x4c bin/main.o
 .debug_macro   0x0000000000002d60       0x8d bin/main.o
 .debug_macro   0x0000000000002ded       0x4a bin/main.o
 .debug_macro   0x0000000000002e37       0x6c bin/main.o
 .debug_macro   0x0000000000002ea3      0x394 bin/pins.o
 .debug_macro   0x0000000000003237       0x6d bin/pins.o
 .debug_macro   0x00000000000032a4      0x14f bin/ssm.o
 .debug_macro   0x00000000000033f3      0x223 bin/sysinit.o
 .debug_macro   0x0000000000003616      0x16f bin/clock_11xx.o
 .debug_macro   0x0000000000003785      0x16f bin/gpio_11xx_2.o
 .debug_macro   0x00000000000038f4      0x148 bin/ring_buffer.o
 .debug_macro   0x0000000000003a3c       0x66 bin/ring_buffer.o
 .debug_macro   0x0000000000003aa2       0x10 bin/ring_buffer.o
 .debug_macro   0x0000000000003ab2      0x16f bin/uart_11xx.o
 .debug_macro   0x0000000000003c21      0x23d bin/can.o
 .debug_macro   0x0000000000003e5e      0x22e bin/Can_Library.o
 .debug_macro   0x000000000000408c       0x40 bin/Can_Library.o

.debug_str      0x0000000000000000     0xf87c
 .debug_str     0x0000000000000000     0xbe17 bin/board.o
                                       0xc355 (size before relaxing)
 .debug_str     0x000000000000be17       0xc9 bin/charge.o
                                       0x635a (size before relaxing)
 .debug_str     0x000000000000bee0       0x7b bin/main.o
                                       0xa930 (size before relaxing)
 .debug_str     0x000000000000bf5b      0x8d2 bin/pins.o
                                       0x804c (size before relaxing)
 .debug_str     0x000000000000c82d       0x56 bin/ssm.o
                                       0x6581 (size before relaxing)
 .debug_str     0x000000000000c883      0x56a bin/sysinit.o
                                       0x79fa (size before relaxing)
 .debug_str     0x000000000000cded      0x580 bin/clock_11xx.o
                                       0x7c75 (size before relaxing)
 .debug_str     0x000000000000d36d      0x3fe bin/gpio_11xx_2.o
                                       0x7b5d (size before relaxing)
 .debug_str     0x000000000000d76b      0x13e bin/ring_buffer.o
                                       0x608f (size before relaxing)
 .debug_str     0x000000000000d8a9      0x1ee bin/uart_11xx.o
                                       0x7c99 (size before relaxing)
 .debug_str     0x000000000000da97      0x87f bin/can.o
                                       0xaf18 (size before relaxing)
 .debug_str     0x000000000000e316     0x1566 bin/Can_Library.o
                                       0x9bf4 (size before relaxing)

.debug_frame    0x0000000000000000     0x172c
 .debug_frame   0x0000000000000000      0x298 bin/board.o
 .debug_frame   0x0000000000000298       0x90 bin/charge.o
 .debug_frame   0x0000000000000328       0x9c bin/main.o
 .debug_frame   0x00000000000003c4      0x184 bin/pins.o
 .debug_frame   0x0000000000000548       0x90 bin/ssm.o
 .debug_frame   0x00000000000005d8       0x20 bin/sysinit.o
 .debug_frame   0x00000000000005f8       0xd8 bin/clock_11xx.o
 .debug_frame   0x00000000000006d0       0xa4 bin/gpio_11xx_2.o
 .debug_frame   0x0000000000000774       0xc8 bin/ring_buffer.o
 .debug_frame   0x000000000000083c      0x1c8 bin/uart_11xx.o
 .debug_frame   0x0000000000000a04      0x1d0 bin/can.o
 .debug_frame   0x0000000000000bd4      0xae0 bin/Can_Library.o
 .debug_frame   0x00000000000016b4       0x20 /usr/local/Cellar/gcc-arm-none-eabi/20160928/bin/../lib/gcc/arm-none-eabi/5.4.1/armv6-m/libgcc.a(_udivsi3.o)
 .debug_frame   0x00000000000016d4       0x2c /usr/local/Cellar/gcc-arm-none-eabi/20160928/bin/../lib/gcc/arm-none-eabi/5.4.1/../../../../arm-none-eabi/lib/armv6-m/libg.a(lib_a-memcpy-stub.o)
 .debug_frame   0x0000000000001700       0x2c /usr/local/Cellar/gcc-arm-none-eabi/20160928/bin/../lib/gcc/arm-none-eabi/5.4.1/../../../../arm-none-eabi/lib/armv6-m/libg.a(lib_a-memset.o)

Cross Reference Table

Symbol                                            File
ADC_IRQHandler                                    bin/startup_LPC11xx.o
BMS_Pin_Get                                       bin/pins.o
                                                  bin/board.o
BOD_IRQHandler                                    bin/startup_LPC11xx.o
Baudrate_Calculate                                bin/can.o
Board_BlockingDelay                               bin/board.o
Board_Can_Init                                    bin/board.o
                                                  bin/main.o
Board_Can_ProcessInput                            bin/board.o
                                                  bin/main.o
Board_Can_ProcessOutput                           bin/board.o
                                                  bin/main.o
Board_Check_Faults                                bin/board.o
                                                  bin/main.o
Board_Chip_Init                                   bin/board.o
                                                  bin/main.o
Board_Contactors_Closed                           bin/board.o
                                                  bin/main.o
Board_Contactors_Set                              bin/board.o
                                                  bin/main.o
Board_GPIO_Init                                   bin/pins.o
                                                  bin/main.o
Board_GetModeRequest                              bin/board.o
                                                  bin/main.o
Board_Print                                       bin/board.o
Board_PrintNum                                    bin/board.o
Board_Print_BLOCKING                              bin/board.o
Board_Println                                     bin/board.o
Board_Println_BLOCKING                            bin/board.o
Board_Read                                        bin/board.o
Board_UART_Init                                   bin/board.o
                                                  bin/main.o
Board_Write                                       bin/board.o
Brusa_CheckErr                                    bin/brusa.o
Brusa_CheckOn                                     bin/brusa.o
Brusa_Decode                                      bin/brusa.o
Brusa_DecodeActI                                  bin/brusa.o
Brusa_DecodeActII                                 bin/brusa.o
Brusa_DecodeErr                                   bin/brusa.o
Brusa_DecodeStatus                                bin/brusa.o
Brusa_DecodeTemp                                  bin/brusa.o
Brusa_MakeCTL                                     bin/brusa.o
Button1_Pin_Set                                   bin/pins.o
Button2_Pin_Set                                   bin/pins.o
Button3_Pin_Set                                   bin/pins.o
Button4_Pin_Set                                   bin/pins.o
CAN_GetErrorStatus                                bin/can.o
CAN_GetRxErrorCount                               bin/can.o
CAN_GetTxErrorCount                               bin/can.o
CAN_IRQHandler                                    bin/can.o
                                                  bin/startup_LPC11xx.o
CAN_Init                                          bin/can.o
                                                  bin/Can_Library.o
CAN_IsTxBusy                                      bin/can.o
CAN_Receive                                       bin/can.o
                                                  bin/Can_Library.o
CAN_ResetPeripheral                               bin/can.o
                                                  bin/board.o
CAN_SetMask1                                      bin/can.o
                                                  bin/Can_Library.o
CAN_SetMask2                                      bin/can.o
                                                  bin/Can_Library.o
CAN_Transmit                                      bin/can.o
                                                  bin/Can_Library.o
CAN_TransmitMsgObj                                bin/can.o
CAN_error                                         bin/can.o
CAN_rx                                            bin/can.o
CAN_tx                                            bin/can.o
Can0_Bms_Init                                     bin/Can_Library.o
Can0_Can_Node_Init                                bin/Can_Library.o
Can0_Csb_Init                                     bin/Can_Library.o
                                                  bin/board.o
Can0_Dash_Init                                    bin/Can_Library.o
Can0_Rear_Can_Node_Init                           bin/Can_Library.o
Can0_Vcu_Init                                     bin/Can_Library.o
Can_BMSCellTemps_FromCan                          bin/Can_Library.o
Can_BMSCellTemps_Read                             bin/Can_Library.o
Can_BMSCellTemps_ToCan                            bin/Can_Library.o
Can_BMSCellTemps_Write                            bin/Can_Library.o
Can_BMSErrors_FromCan                             bin/Can_Library.o
Can_BMSErrors_Read                                bin/Can_Library.o
Can_BMSErrors_ToCan                               bin/Can_Library.o
Can_BMSErrors_Write                               bin/Can_Library.o
Can_BMSState_FromCan                              bin/Can_Library.o
Can_BMSState_Read                                 bin/Can_Library.o
Can_BMSState_ToCan                                bin/Can_Library.o
Can_BMSState_Write                                bin/Can_Library.o
Can_BMS_CSB_Switch_FromCan                        bin/Can_Library.o
Can_BMS_CSB_Switch_Read                           bin/Can_Library.o
Can_BMS_CSB_Switch_ToCan                          bin/Can_Library.o
Can_BMS_CSB_Switch_Write                          bin/Can_Library.o
                                                  bin/board.o
Can_BMS_Mode_FromCan                              bin/Can_Library.o
Can_BMS_Mode_Read                                 bin/Can_Library.o
Can_BMS_Mode_ToCan                                bin/Can_Library.o
Can_BMS_Mode_Write                                bin/Can_Library.o
                                                  bin/board.o
Can_BMS_SOC_FromCan                               bin/Can_Library.o
Can_BMS_SOC_Read                                  bin/Can_Library.o
Can_BMS_SOC_ToCan                                 bin/Can_Library.o
Can_BMS_SOC_Write                                 bin/Can_Library.o
Can_BMS_VCU_Switch_FromCan                        bin/Can_Library.o
Can_BMS_VCU_Switch_Read                           bin/Can_Library.o
Can_BMS_VCU_Switch_ToCan                          bin/Can_Library.o
Can_BMS_VCU_Switch_Write                          bin/Can_Library.o
Can_BmsPackStatus_FromCan                         bin/Can_Library.o
Can_BmsPackStatus_Read                            bin/Can_Library.o
                                                  bin/board.o
Can_BmsPackStatus_ToCan                           bin/Can_Library.o
Can_BmsPackStatus_Write                           bin/Can_Library.o
Can_CurrentSensor_Current_FromCan                 bin/Can_Library.o
Can_CurrentSensor_Current_Read                    bin/Can_Library.o
Can_CurrentSensor_Current_ToCan                   bin/Can_Library.o
Can_CurrentSensor_Current_Write                   bin/Can_Library.o
Can_CurrentSensor_Power_FromCan                   bin/Can_Library.o
Can_CurrentSensor_Power_Read                      bin/Can_Library.o
Can_CurrentSensor_Power_ToCan                     bin/Can_Library.o
Can_CurrentSensor_Power_Write                     bin/Can_Library.o
Can_CurrentSensor_Voltage_FromCan                 bin/Can_Library.o
Can_CurrentSensor_Voltage_Read                    bin/Can_Library.o
Can_CurrentSensor_Voltage_ToCan                   bin/Can_Library.o
Can_CurrentSensor_Voltage_Write                   bin/Can_Library.o
Can_Dash_Request_FromCan                          bin/Can_Library.o
Can_Dash_Request_Read                             bin/Can_Library.o
Can_Dash_Request_ToCan                            bin/Can_Library.o
Can_Dash_Request_Write                            bin/Can_Library.o
Can_ElconCommand_FromCan                          bin/Can_Library.o
Can_ElconCommand_Read                             bin/Can_Library.o
Can_ElconCommand_ToCan                            bin/Can_Library.o
Can_ElconCommand_Write                            bin/Can_Library.o
                                                  bin/board.o
Can_ElconHeartbeat_FromCan                        bin/Can_Library.o
Can_ElconHeartbeat_Read                           bin/Can_Library.o
                                                  bin/board.o
Can_ElconHeartbeat_ToCan                          bin/Can_Library.o
Can_ElconHeartbeat_Write                          bin/Can_Library.o
Can_Error_Read                                    bin/Can_Library.o
                                                  bin/board.o
Can_FrontCanNodeOutput_FromCan                    bin/Can_Library.o
Can_FrontCanNodeOutput_Read                       bin/Can_Library.o
Can_FrontCanNodeOutput_ToCan                      bin/Can_Library.o
Can_FrontCanNodeOutput_Write                      bin/Can_Library.o
Can_FrontCanNodeWheelSpeed_FromCan                bin/Can_Library.o
Can_FrontCanNodeWheelSpeed_Read                   bin/Can_Library.o
Can_FrontCanNodeWheelSpeed_ToCan                  bin/Can_Library.o
Can_FrontCanNodeWheelSpeed_Write                  bin/Can_Library.o
Can_Init                                          bin/Can_Library.o
Can_MC_Command_FromCan                            bin/Can_Library.o
Can_MC_Command_Read                               bin/Can_Library.o
Can_MC_Command_ToCan                              bin/Can_Library.o
Can_MC_Command_Write                              bin/Can_Library.o
Can_MsgType                                       bin/Can_Library.o
                                                  bin/board.o
Can_RawRead                                       bin/Can_Library.o
Can_RawWrite                                      bin/Can_Library.o
Can_RearCanNodeWheelSpeed_FromCan                 bin/Can_Library.o
Can_RearCanNodeWheelSpeed_Read                    bin/Can_Library.o
Can_RearCanNodeWheelSpeed_ToCan                   bin/Can_Library.o
Can_RearCanNodeWheelSpeed_Write                   bin/Can_Library.o
Can_SetFilter                                     bin/Can_Library.o
Can_Unknown_Read                                  bin/Can_Library.o
                                                  bin/board.o
Can_VcuToDash_FromCan                             bin/Can_Library.o
Can_VcuToDash_Read                                bin/Can_Library.o
Can_VcuToDash_ToCan                               bin/Can_Library.o
Can_VcuToDash_Write                               bin/Can_Library.o
Charge_Config                                     bin/charge.o
Charge_Init                                       bin/charge.o
                                                  bin/ssm.o
Charge_Step                                       bin/charge.o
                                                  bin/ssm.o
Chip_ADC_DeInit                                   bin/adc_11xx.o
Chip_ADC_EnableChannel                            bin/adc_11xx.o
Chip_ADC_Init                                     bin/adc_11xx.o
Chip_ADC_Int_SetChannelCmd                        bin/adc_11xx.o
Chip_ADC_ReadByte                                 bin/adc_11xx.o
Chip_ADC_ReadStatus                               bin/adc_11xx.o
Chip_ADC_ReadValue                                bin/adc_11xx.o
Chip_ADC_SetBurstCmd                              bin/adc_11xx.o
Chip_ADC_SetResolution                            bin/adc_11xx.o
Chip_ADC_SetSampleRate                            bin/adc_11xx.o
Chip_ADC_SetStartMode                             bin/adc_11xx.o
Chip_Clock_GetMainClockRate                       bin/clock_11xx.o
                                                  bin/can.o
                                                  bin/uart_11xx.o
                                                  bin/ssp_11xx.o
Chip_Clock_GetSystemClockRate                     bin/clock_11xx.o
                                                  bin/chip_11xx.o
                                                  bin/adc_11xx.o
Chip_Clock_GetSystemPLLInClockRate                bin/clock_11xx.o
Chip_Clock_GetSystemPLLOutClockRate               bin/clock_11xx.o
Chip_Clock_GetWDTOSCRate                          bin/clock_11xx.o
Chip_Clock_SetCLKOUTSource                        bin/clock_11xx.o
Chip_Clock_SetMainClockSource                     bin/clock_11xx.o
                                                  bin/sysinit_11xx.o
Chip_Clock_SetPLLBypass                           bin/clock_11xx.o
Chip_Clock_SetSystemPLLSource                     bin/clock_11xx.o
                                                  bin/sysinit_11xx.o
Chip_Clock_SetWDTClockSource                      bin/clock_11xx.o
Chip_GPIO_DeInit                                  bin/gpio_11xx_2.o
Chip_GPIO_Init                                    bin/gpio_11xx_2.o
                                                  bin/pins.o
Chip_GPIO_SetDir                                  bin/gpio_11xx_2.o
Chip_GPIO_SetPinDIR                               bin/gpio_11xx_2.o
Chip_GPIO_SetPortDIR                              bin/gpio_11xx_2.o
Chip_GPIO_SetupPinInt                             bin/gpio_11xx_2.o
Chip_GPIO_WriteDirBit                             bin/gpio_11xx_2.o
                                                  bin/mcp2515.o
                                                  bin/ltc6804.o
                                                  bin/lc1024.o
Chip_I2C_DeInit                                   bin/i2c_11xx.o
Chip_I2C_Disable                                  bin/i2c_11xx.o
Chip_I2C_EventHandler                             bin/i2c_11xx.o
Chip_I2C_EventHandlerPolling                      bin/i2c_11xx.o
Chip_I2C_GetClockRate                             bin/i2c_11xx.o
Chip_I2C_GetMasterEventHandler                    bin/i2c_11xx.o
Chip_I2C_Init                                     bin/i2c_11xx.o
Chip_I2C_IsMasterActive                           bin/i2c_11xx.o
Chip_I2C_IsStateChanged                           bin/i2c_11xx.o
Chip_I2C_MasterCmdRead                            bin/i2c_11xx.o
Chip_I2C_MasterRead                               bin/i2c_11xx.o
Chip_I2C_MasterSend                               bin/i2c_11xx.o
Chip_I2C_MasterStateHandler                       bin/i2c_11xx.o
Chip_I2C_MasterTransfer                           bin/i2c_11xx.o
Chip_I2C_SetClockRate                             bin/i2c_11xx.o
Chip_I2C_SetMasterEventHandler                    bin/i2c_11xx.o
Chip_I2C_SlaveSetup                               bin/i2c_11xx.o
Chip_I2C_SlaveStateHandler                        bin/i2c_11xx.o
Chip_PMU_DeepPowerDownState                       bin/pmu_11xx.o
Chip_PMU_Sleep                                    bin/pmu_11xx.o
Chip_PMU_SleepState                               bin/pmu_11xx.o
Chip_SSP_DeInit                                   bin/ssp_11xx.o
Chip_SSP_Init                                     bin/ssp_11xx.o
                                                  bin/ltc6804.o
                                                  bin/lc1024.o
Chip_SSP_Int_FlushData                            bin/ssp_11xx.o
Chip_SSP_Int_RWFrames16Bits                       bin/ssp_11xx.o
Chip_SSP_Int_RWFrames8Bits                        bin/ssp_11xx.o
Chip_SSP_RWFrames_Blocking                        bin/ssp_11xx.o
                                                  bin/mcp2515.o
                                                  bin/ltc6804.o
                                                  bin/lc1024.o
Chip_SSP_ReadFrames_Blocking                      bin/ssp_11xx.o
Chip_SSP_SetBitRate                               bin/ssp_11xx.o
                                                  bin/ltc6804.o
                                                  bin/lc1024.o
Chip_SSP_SetClockRate                             bin/ssp_11xx.o
Chip_SSP_SetMaster                                bin/ssp_11xx.o
                                                  bin/ltc6804.o
                                                  bin/lc1024.o
Chip_SSP_WriteFrames_Blocking                     bin/ssp_11xx.o
                                                  bin/mcp2515.o
                                                  bin/ltc6804.o
                                                  bin/lc1024.o
Chip_SYSCTL_PowerDown                             bin/sysctl_11xx.o
                                                  bin/sysinit_11xx.o
                                                  bin/adc_11xx.o
Chip_SYSCTL_PowerUp                               bin/sysctl_11xx.o
                                                  bin/sysinit_11xx.o
                                                  bin/adc_11xx.o
Chip_SYSCTL_SetDeepSleepPD                        bin/sysctl_11xx.o
Chip_SYSCTL_SetWakeup                             bin/sysctl_11xx.o
Chip_SystemInit                                   bin/sysinit_11xx.o
Chip_TIMER_DeInit                                 bin/timer_11xx.o
Chip_TIMER_ExtMatchControlSet                     bin/timer_11xx.o
Chip_TIMER_Init                                   bin/timer_11xx.o
Chip_TIMER_Reset                                  bin/timer_11xx.o
Chip_UART_DeInit                                  bin/uart_11xx.o
Chip_UART_IRQRBHandler                            bin/uart_11xx.o
                                                  bin/board.o
Chip_UART_Init                                    bin/uart_11xx.o
                                                  bin/board.o
Chip_UART_RXIntHandlerRB                          bin/uart_11xx.o
Chip_UART_Read                                    bin/uart_11xx.o
Chip_UART_ReadBlocking                            bin/uart_11xx.o
Chip_UART_ReadRB                                  bin/uart_11xx.o
                                                  bin/board.o
Chip_UART_Send                                    bin/uart_11xx.o
Chip_UART_SendBlocking                            bin/uart_11xx.o
                                                  bin/board.o
Chip_UART_SendRB                                  bin/uart_11xx.o
                                                  bin/board.o
Chip_UART_SetBaud                                 bin/uart_11xx.o
Chip_UART_SetBaudFDR                              bin/uart_11xx.o
                                                  bin/board.o
Chip_UART_TXIntHandlerRB                          bin/uart_11xx.o
Chip_WWDT_ClearStatusFlag                         bin/wwdt_11xx.o
Chip_WWDT_DeInit                                  bin/wwdt_11xx.o
Chip_WWDT_Init                                    bin/wwdt_11xx.o
Convert_To_CAN_Error                              bin/can.o
Default_Handler                                   bin/startup_LPC11xx.o
HardFault_Handler                                 bin/startup_LPC11xx.o
High_Side_Contactor_Pin_Get                       bin/pins.o
High_Side_Contactor_Pin_Set                       bin/pins.o
                                                  bin/board.o
I2C_IRQHandler                                    bin/startup_LPC11xx.o
IMD_Pin_Get                                       bin/pins.o
                                                  bin/board.o
Init_Step                                         bin/ssm.o
Init_Structs                                      bin/main.o
Interlock_Pin_Get                                 bin/pins.o
                                                  bin/board.o
Is_State_Done                                     bin/ssm.o
Is_Valid_Jump                                     bin/ssm.o
LC1024_Init                                       bin/lc1024.o
LC1024_ReadMem                                    bin/lc1024.o
LC1024_ReadStatusReg                              bin/lc1024.o
LC1024_WriteDisable                               bin/lc1024.o
LC1024_WriteEnable                                bin/lc1024.o
LC1024_WriteMem                                   bin/lc1024.o
LCD_DB0_Pin_Set                                   bin/pins.o
LCD_DB1_Pin_Set                                   bin/pins.o
LCD_DB2_Pin_Set                                   bin/pins.o
LCD_DB3_Pin_Set                                   bin/pins.o
LCD_DB4_Pin_Set                                   bin/pins.o
LCD_DB5_Pin_Set                                   bin/pins.o
LCD_DB6_Pin_Set                                   bin/pins.o
LCD_DB7_Pin_Set                                   bin/pins.o
LCD_E_Pin_Set                                     bin/pins.o
LCD_RS_Pin_Set                                    bin/pins.o
LTC6804_CVST                                      bin/ltc6804.o
LTC6804_ClearCellVoltages                         bin/ltc6804.o
LTC6804_GetCellVoltages                           bin/ltc6804.o
LTC6804_GetGPIOVoltages                           bin/ltc6804.o
LTC6804_Init                                      bin/ltc6804.o
LTC6804_OpenWireTest                              bin/ltc6804.o
LTC6804_SetGPIOState                              bin/ltc6804.o
LTC6804_UpdateBalanceStates                       bin/ltc6804.o
LTC6804_VerifyCFG                                 bin/ltc6804.o
LTC6804_WriteCFG                                  bin/ltc6804.o
Low_Side_Contactor_Pin_Get                        bin/pins.o
                                                  bin/board.o
MBB_DecodeExt                                     bin/a123mbb.o
MBB_DecodeStd                                     bin/a123mbb.o
MBB_MakeCMD                                       bin/a123mbb.o
MCP2515_BitModify                                 bin/mcp2515.o
MCP2515_GetEmptyTransmitBuffer                    bin/mcp2515.o
MCP2515_GetFullReceiveBuffer                      bin/mcp2515.o
MCP2515_Init                                      bin/mcp2515.o
MCP2515_LoadBuffer                                bin/mcp2515.o
MCP2515_LoadBufferData                            bin/mcp2515.o
MCP2515_Mode                                      bin/mcp2515.o
MCP2515_Read                                      bin/mcp2515.o
MCP2515_ReadBuffer                                bin/mcp2515.o
MCP2515_Reset                                     bin/mcp2515.o
MCP2515_SendBuffer                                bin/mcp2515.o
MCP2515_SetBitRate                                bin/mcp2515.o
MCP2515_Write                                     bin/mcp2515.o
MY17_Pack_Config                                  bin/main.o
NMI_Handler                                       bin/startup_LPC11xx.o
OscRateIn                                         bin/board.o
                                                  bin/clock_11xx.o
PIOINT0_IRQHandler                                bin/startup_LPC11xx.o
PIOINT1_IRQHandler                                bin/startup_LPC11xx.o
PIOINT2_IRQHandler                                bin/startup_LPC11xx.o
PIOINT3_IRQHandler                                bin/startup_LPC11xx.o
PendSV_Handler                                    bin/startup_LPC11xx.o
Process_Input                                     bin/main.o
Process_Output                                    bin/main.o
Reset_Handler                                     bin/startup_LPC11xx.o
RingBuffer_Init                                   bin/ring_buffer.o
                                                  bin/can.o
                                                  bin/board.o
RingBuffer_Insert                                 bin/ring_buffer.o
                                                  bin/can.o
                                                  bin/uart_11xx.o
RingBuffer_InsertMult                             bin/ring_buffer.o
                                                  bin/uart_11xx.o
RingBuffer_Pop                                    bin/ring_buffer.o
                                                  bin/can.o
                                                  bin/uart_11xx.o
RingBuffer_PopMult                                bin/ring_buffer.o
                                                  bin/uart_11xx.o
SSM_Init                                          bin/ssm.o
                                                  bin/main.o
SSM_Step                                          bin/ssm.o
                                                  bin/main.o
SSP0_IRQHandler                                   bin/startup_LPC11xx.o
SSP1_IRQHandler                                   bin/startup_LPC11xx.o
SVC_Handler                                       bin/startup_LPC11xx.o
Send_Bms_Mode                                     bin/board.o
Send_Bms_Switch                                   bin/board.o
Send_Elcon_Command                                bin/board.o
SysTick_Handler                                   bin/board.o
                                                  bin/startup_LPC11xx.o
SystemCoreClock                                   bin/chip_11xx.o
                                                  bin/sysinit.o
                                                  bin/i2c_11xx.o
                                                  bin/board.o
SystemCoreClockUpdate                             bin/chip_11xx.o
SystemInit                                        bin/sysinit.o
                                                  bin/startup_LPC11xx.o
TIMER16_0_IRQHandler                              bin/startup_LPC11xx.o
TIMER16_1_IRQHandler                              bin/startup_LPC11xx.o
TIMER32_0_IRQHandler                              bin/startup_LPC11xx.o
TIMER32_1_IRQHandler                              bin/startup_LPC11xx.o
TicksPerMS                                        bin/sysinit.o
UART_IRQHandler                                   bin/board.o
                                                  bin/startup_LPC11xx.o
WAKEUP_IRQHandler                                 bin/startup_LPC11xx.o
WDT_IRQHandler                                    bin/startup_LPC11xx.o
ZeroTxBuf                                         bin/lc1024.o
__StackLimit                                      bin/startup_LPC11xx.o
__StackTop                                        bin/startup_LPC11xx.o
__aeabi_cdcmpeq                                   /usr/local/Cellar/gcc-arm-none-eabi/20160928/bin/../lib/gcc/arm-none-eabi/5.4.1/armv6-m/libgcc.a(_arm_cmpdf2.o)
__aeabi_cdcmple                                   /usr/local/Cellar/gcc-arm-none-eabi/20160928/bin/../lib/gcc/arm-none-eabi/5.4.1/armv6-m/libgcc.a(_arm_cmpdf2.o)
__aeabi_cdrcmple                                  /usr/local/Cellar/gcc-arm-none-eabi/20160928/bin/../lib/gcc/arm-none-eabi/5.4.1/armv6-m/libgcc.a(_arm_cmpdf2.o)
__aeabi_d2iz                                      /usr/local/Cellar/gcc-arm-none-eabi/20160928/bin/../lib/gcc/arm-none-eabi/5.4.1/armv6-m/libgcc.a(fixdfsi.o)
                                                  /usr/local/Cellar/gcc-arm-none-eabi/20160928/bin/../lib/gcc/arm-none-eabi/5.4.1/armv6-m/libgcc.a(_fixunsdfsi.o)
__aeabi_d2uiz                                     /usr/local/Cellar/gcc-arm-none-eabi/20160928/bin/../lib/gcc/arm-none-eabi/5.4.1/armv6-m/libgcc.a(_fixunsdfsi.o)
                                                  bin/mcp2515.o
__aeabi_dcmpeq                                    /usr/local/Cellar/gcc-arm-none-eabi/20160928/bin/../lib/gcc/arm-none-eabi/5.4.1/armv6-m/libgcc.a(_arm_cmpdf2.o)
__aeabi_dcmpge                                    /usr/local/Cellar/gcc-arm-none-eabi/20160928/bin/../lib/gcc/arm-none-eabi/5.4.1/armv6-m/libgcc.a(_arm_cmpdf2.o)
                                                  /usr/local/Cellar/gcc-arm-none-eabi/20160928/bin/../lib/gcc/arm-none-eabi/5.4.1/armv6-m/libgcc.a(_fixunsdfsi.o)
__aeabi_dcmpgt                                    /usr/local/Cellar/gcc-arm-none-eabi/20160928/bin/../lib/gcc/arm-none-eabi/5.4.1/armv6-m/libgcc.a(_arm_cmpdf2.o)
__aeabi_dcmple                                    /usr/local/Cellar/gcc-arm-none-eabi/20160928/bin/../lib/gcc/arm-none-eabi/5.4.1/armv6-m/libgcc.a(_arm_cmpdf2.o)
__aeabi_dcmplt                                    /usr/local/Cellar/gcc-arm-none-eabi/20160928/bin/../lib/gcc/arm-none-eabi/5.4.1/armv6-m/libgcc.a(_arm_cmpdf2.o)
__aeabi_dmul                                      /usr/local/Cellar/gcc-arm-none-eabi/20160928/bin/../lib/gcc/arm-none-eabi/5.4.1/armv6-m/libgcc.a(muldf3.o)
                                                  bin/mcp2515.o
__aeabi_dsub                                      /usr/local/Cellar/gcc-arm-none-eabi/20160928/bin/../lib/gcc/arm-none-eabi/5.4.1/armv6-m/libgcc.a(subdf3.o)
                                                  /usr/local/Cellar/gcc-arm-none-eabi/20160928/bin/../lib/gcc/arm-none-eabi/5.4.1/armv6-m/libgcc.a(_fixunsdfsi.o)
__aeabi_i2d                                       /usr/local/Cellar/gcc-arm-none-eabi/20160928/bin/../lib/gcc/arm-none-eabi/5.4.1/armv6-m/libgcc.a(floatsidf.o)
                                                  bin/mcp2515.o
__aeabi_idiv0                                     /usr/local/Cellar/gcc-arm-none-eabi/20160928/bin/../lib/gcc/arm-none-eabi/5.4.1/armv6-m/libgcc.a(_dvmd_tls.o)
                                                  /usr/local/Cellar/gcc-arm-none-eabi/20160928/bin/../lib/gcc/arm-none-eabi/5.4.1/armv6-m/libgcc.a(_udivsi3.o)
__aeabi_ldiv0                                     /usr/local/Cellar/gcc-arm-none-eabi/20160928/bin/../lib/gcc/arm-none-eabi/5.4.1/armv6-m/libgcc.a(_dvmd_tls.o)
                                                  /usr/local/Cellar/gcc-arm-none-eabi/20160928/bin/../lib/gcc/arm-none-eabi/5.4.1/armv6-m/libgcc.a(_aeabi_uldivmod.o)
__aeabi_uidiv                                     /usr/local/Cellar/gcc-arm-none-eabi/20160928/bin/../lib/gcc/arm-none-eabi/5.4.1/armv6-m/libgcc.a(_udivsi3.o)
                                                  /usr/local/Cellar/gcc-arm-none-eabi/20160928/bin/../lib/gcc/arm-none-eabi/5.4.1/../../../../arm-none-eabi/lib/armv6-m/libg.a(lib_a-utoa.o)
                                                  bin/mcp2515.o
                                                  bin/ltc6804.o
                                                  bin/can.o
                                                  bin/brusa.o
                                                  bin/uart_11xx.o
                                                  bin/ssp_11xx.o
                                                  bin/i2c_11xx.o
                                                  bin/clock_11xx.o
                                                  bin/adc_11xx.o
                                                  bin/charge.o
                                                  bin/board.o
__aeabi_uidivmod                                  /usr/local/Cellar/gcc-arm-none-eabi/20160928/bin/../lib/gcc/arm-none-eabi/5.4.1/armv6-m/libgcc.a(_udivsi3.o)
                                                  /usr/local/Cellar/gcc-arm-none-eabi/20160928/bin/../lib/gcc/arm-none-eabi/5.4.1/../../../../arm-none-eabi/lib/armv6-m/libg.a(lib_a-utoa.o)
                                                  bin/uart_11xx.o
                                                  bin/ring_buffer.o
__aeabi_uldivmod                                  /usr/local/Cellar/gcc-arm-none-eabi/20160928/bin/../lib/gcc/arm-none-eabi/5.4.1/armv6-m/libgcc.a(_aeabi_uldivmod.o)
                                                  bin/mcp2515.o
__bss_end__                                       bin/startup_LPC11xx.o
__bss_start__                                     bin/startup_LPC11xx.o
__clzdi2                                          /usr/local/Cellar/gcc-arm-none-eabi/20160928/bin/../lib/gcc/arm-none-eabi/5.4.1/armv6-m/libgcc.a(_clzdi2.o)
                                                  /usr/local/Cellar/gcc-arm-none-eabi/20160928/bin/../lib/gcc/arm-none-eabi/5.4.1/armv6-m/libgcc.a(_udivmoddi4.o)
__clzsi2                                          /usr/local/Cellar/gcc-arm-none-eabi/20160928/bin/../lib/gcc/arm-none-eabi/5.4.1/armv6-m/libgcc.a(_clzsi2.o)
                                                  /usr/local/Cellar/gcc-arm-none-eabi/20160928/bin/../lib/gcc/arm-none-eabi/5.4.1/armv6-m/libgcc.a(_clzdi2.o)
                                                  /usr/local/Cellar/gcc-arm-none-eabi/20160928/bin/../lib/gcc/arm-none-eabi/5.4.1/armv6-m/libgcc.a(floatsidf.o)
                                                  /usr/local/Cellar/gcc-arm-none-eabi/20160928/bin/../lib/gcc/arm-none-eabi/5.4.1/armv6-m/libgcc.a(subdf3.o)
                                                  /usr/local/Cellar/gcc-arm-none-eabi/20160928/bin/../lib/gcc/arm-none-eabi/5.4.1/armv6-m/libgcc.a(muldf3.o)
__eqdf2                                           /usr/local/Cellar/gcc-arm-none-eabi/20160928/bin/../lib/gcc/arm-none-eabi/5.4.1/armv6-m/libgcc.a(eqdf2.o)
                                                  /usr/local/Cellar/gcc-arm-none-eabi/20160928/bin/../lib/gcc/arm-none-eabi/5.4.1/armv6-m/libgcc.a(_arm_cmpdf2.o)
__fixunsdfsi                                      /usr/local/Cellar/gcc-arm-none-eabi/20160928/bin/../lib/gcc/arm-none-eabi/5.4.1/armv6-m/libgcc.a(_fixunsdfsi.o)
__gedf2                                           /usr/local/Cellar/gcc-arm-none-eabi/20160928/bin/../lib/gcc/arm-none-eabi/5.4.1/armv6-m/libgcc.a(gedf2.o)
                                                  /usr/local/Cellar/gcc-arm-none-eabi/20160928/bin/../lib/gcc/arm-none-eabi/5.4.1/armv6-m/libgcc.a(_arm_cmpdf2.o)
__gtdf2                                           /usr/local/Cellar/gcc-arm-none-eabi/20160928/bin/../lib/gcc/arm-none-eabi/5.4.1/armv6-m/libgcc.a(gedf2.o)
__isr_vector                                      bin/startup_LPC11xx.o
__itoa                                            /usr/local/Cellar/gcc-arm-none-eabi/20160928/bin/../lib/gcc/arm-none-eabi/5.4.1/../../../../arm-none-eabi/lib/armv6-m/libg.a(lib_a-itoa.o)
__ledf2                                           /usr/local/Cellar/gcc-arm-none-eabi/20160928/bin/../lib/gcc/arm-none-eabi/5.4.1/armv6-m/libgcc.a(ledf2.o)
                                                  /usr/local/Cellar/gcc-arm-none-eabi/20160928/bin/../lib/gcc/arm-none-eabi/5.4.1/armv6-m/libgcc.a(_arm_cmpdf2.o)
__ltdf2                                           /usr/local/Cellar/gcc-arm-none-eabi/20160928/bin/../lib/gcc/arm-none-eabi/5.4.1/armv6-m/libgcc.a(ledf2.o)
__nedf2                                           /usr/local/Cellar/gcc-arm-none-eabi/20160928/bin/../lib/gcc/arm-none-eabi/5.4.1/armv6-m/libgcc.a(eqdf2.o)
__reverse                                         bin/util.o
__udivmoddi4                                      /usr/local/Cellar/gcc-arm-none-eabi/20160928/bin/../lib/gcc/arm-none-eabi/5.4.1/armv6-m/libgcc.a(_udivmoddi4.o)
                                                  /usr/local/Cellar/gcc-arm-none-eabi/20160928/bin/../lib/gcc/arm-none-eabi/5.4.1/armv6-m/libgcc.a(_aeabi_uldivmod.o)
__udivsi3                                         /usr/local/Cellar/gcc-arm-none-eabi/20160928/bin/../lib/gcc/arm-none-eabi/5.4.1/armv6-m/libgcc.a(_udivsi3.o)
__utoa                                            /usr/local/Cellar/gcc-arm-none-eabi/20160928/bin/../lib/gcc/arm-none-eabi/5.4.1/../../../../arm-none-eabi/lib/armv6-m/libg.a(lib_a-utoa.o)
                                                  /usr/local/Cellar/gcc-arm-none-eabi/20160928/bin/../lib/gcc/arm-none-eabi/5.4.1/../../../../arm-none-eabi/lib/armv6-m/libg.a(lib_a-itoa.o)
_calculate_pec                                    bin/ltc6804.o
_check_owt                                        bin/ltc6804.o
_check_st_results                                 bin/ltc6804.o
_command                                          bin/ltc6804.o
_cs_gpio                                          bin/mcp2515.o
_cs_pin                                           bin/mcp2515.o
_int_gpio                                         bin/mcp2515.o
_int_pin                                          bin/mcp2515.o
_read                                             bin/ltc6804.o
_rx_buffer                                        bin/can.o
_set_balance_states                               bin/ltc6804.o
_set_output                                       bin/charge.o
_tx_buffer                                        bin/can.o
_wake                                             bin/ltc6804.o
_write                                            bin/ltc6804.o
data_transfer                                     bin/Can_Library.o
divu10                                            bin/ltc6804.o
from_bitstring                                    bin/Can_Library.o
getSlaveIndex                                     bin/i2c_11xx.o
handleMasterXferState                             bin/i2c_11xx.o
handleSlaveXferState                              bin/i2c_11xx.o
handle_can_error                                  bin/board.o
itoa                                              /usr/local/Cellar/gcc-arm-none-eabi/20160928/bin/../lib/gcc/arm-none-eabi/5.4.1/../../../../arm-none-eabi/lib/armv6-m/libg.a(lib_a-itoa.o)
                                                  bin/board.o
main                                              bin/main.o
                                                  bin/startup_LPC11xx.o
memcpy                                            /usr/local/Cellar/gcc-arm-none-eabi/20160928/bin/../lib/gcc/arm-none-eabi/5.4.1/../../../../arm-none-eabi/lib/armv6-m/libg.a(lib_a-memcpy-stub.o)
                                                  bin/ltc6804.o
                                                  bin/lc1024.o
                                                  bin/ring_buffer.o
memset                                            /usr/local/Cellar/gcc-arm-none-eabi/20160928/bin/../lib/gcc/arm-none-eabi/5.4.1/../../../../arm-none-eabi/lib/armv6-m/libg.a(lib_a-memset.o)
                                                  bin/ltc6804.o
                                                  bin/main.o
msTicks                                           bin/ssm.o
                                                  bin/main.o
                                                  bin/board.o
msg_obj                                           bin/can.o
readAdcVal                                        bin/adc_11xx.o
setStartMode                                      bin/adc_11xx.o
strlen                                            /usr/local/Cellar/gcc-arm-none-eabi/20160928/bin/../lib/gcc/arm-none-eabi/5.4.1/../../../../arm-none-eabi/lib/armv6-m/libg.a(lib_a-strlen-stub.o)
                                                  bin/board.o
swap_int16                                        bin/Can_Library.o
swap_int32                                        bin/Can_Library.o
swap_uint16                                       bin/Can_Library.o
swap_uint32                                       bin/Can_Library.o
tmp_msg_obj                                       bin/can.o
tmp_msg_obj_2                                     bin/can.o
to_bitstring                                      bin/Can_Library.o
utoa                                              /usr/local/Cellar/gcc-arm-none-eabi/20160928/bin/../lib/gcc/arm-none-eabi/5.4.1/../../../../arm-none-eabi/lib/armv6-m/libg.a(lib_a-utoa.o)
